<?xml version="1.0" encoding="ISO-8859-1" ?>
<link_info>
   <banner>MSP430 Linker PC v18.1.2.LTS</banner>
   <copyright>Copyright (c) 2003-2017 Texas Instruments Incorporated</copyright>
   <link_time>0x5bf4bdca</link_time>
   <link_errors>0x0</link_errors>
   <output_file>connection_test.out</output_file>
   <entry_point>
      <name>_c_int00_noargs</name>
      <address>0x4400</address>
   </entry_point>
   <input_file_list>
      <input_file id="fl-2">
         <path>.\</path>
         <kind>object</kind>
         <file>hello.obj</file>
         <name>hello.obj</name>
      </input_file>
      <input_file id="fl-8">
         <kind>object</kind>
         <file>&lt;internal&gt;</file>
         <name>&lt;internal&gt;</name>
      </input_file>
      <input_file id="fl-23">
         <path>D:\ti\ccsv8\tools\compiler\ti-cgt-msp430_18.1.2.LTS\lib\</path>
         <kind>archive</kind>
         <file>rts430x_lc_rd_eabi.lib</file>
         <name>int41.asm.obj</name>
      </input_file>
      <input_file id="fl-24">
         <path>D:\ti\ccsv8\tools\compiler\ti-cgt-msp430_18.1.2.LTS\lib\</path>
         <kind>archive</kind>
         <file>rts430x_lc_rd_eabi.lib</file>
         <name>int42.asm.obj</name>
      </input_file>
      <input_file id="fl-25">
         <path>D:\ti\ccsv8\tools\compiler\ti-cgt-msp430_18.1.2.LTS\lib\</path>
         <kind>archive</kind>
         <file>rts430x_lc_rd_eabi.lib</file>
         <name>int43.asm.obj</name>
      </input_file>
      <input_file id="fl-26">
         <path>D:\ti\ccsv8\tools\compiler\ti-cgt-msp430_18.1.2.LTS\lib\</path>
         <kind>archive</kind>
         <file>rts430x_lc_rd_eabi.lib</file>
         <name>int44.asm.obj</name>
      </input_file>
      <input_file id="fl-27">
         <path>D:\ti\ccsv8\tools\compiler\ti-cgt-msp430_18.1.2.LTS\lib\</path>
         <kind>archive</kind>
         <file>rts430x_lc_rd_eabi.lib</file>
         <name>int45.asm.obj</name>
      </input_file>
      <input_file id="fl-28">
         <path>D:\ti\ccsv8\tools\compiler\ti-cgt-msp430_18.1.2.LTS\lib\</path>
         <kind>archive</kind>
         <file>rts430x_lc_rd_eabi.lib</file>
         <name>int46.asm.obj</name>
      </input_file>
      <input_file id="fl-29">
         <path>D:\ti\ccsv8\tools\compiler\ti-cgt-msp430_18.1.2.LTS\lib\</path>
         <kind>archive</kind>
         <file>rts430x_lc_rd_eabi.lib</file>
         <name>int47.asm.obj</name>
      </input_file>
      <input_file id="fl-2a">
         <path>D:\ti\ccsv8\tools\compiler\ti-cgt-msp430_18.1.2.LTS\lib\</path>
         <kind>archive</kind>
         <file>rts430x_lc_rd_eabi.lib</file>
         <name>int48.asm.obj</name>
      </input_file>
      <input_file id="fl-2b">
         <path>D:\ti\ccsv8\tools\compiler\ti-cgt-msp430_18.1.2.LTS\lib\</path>
         <kind>archive</kind>
         <file>rts430x_lc_rd_eabi.lib</file>
         <name>int49.asm.obj</name>
      </input_file>
      <input_file id="fl-2c">
         <path>D:\ti\ccsv8\tools\compiler\ti-cgt-msp430_18.1.2.LTS\lib\</path>
         <kind>archive</kind>
         <file>rts430x_lc_rd_eabi.lib</file>
         <name>int50.asm.obj</name>
      </input_file>
      <input_file id="fl-2d">
         <path>D:\ti\ccsv8\tools\compiler\ti-cgt-msp430_18.1.2.LTS\lib\</path>
         <kind>archive</kind>
         <file>rts430x_lc_rd_eabi.lib</file>
         <name>int51.asm.obj</name>
      </input_file>
      <input_file id="fl-2e">
         <path>D:\ti\ccsv8\tools\compiler\ti-cgt-msp430_18.1.2.LTS\lib\</path>
         <kind>archive</kind>
         <file>rts430x_lc_rd_eabi.lib</file>
         <name>int52.asm.obj</name>
      </input_file>
      <input_file id="fl-2f">
         <path>D:\ti\ccsv8\tools\compiler\ti-cgt-msp430_18.1.2.LTS\lib\</path>
         <kind>archive</kind>
         <file>rts430x_lc_rd_eabi.lib</file>
         <name>int53.asm.obj</name>
      </input_file>
      <input_file id="fl-30">
         <path>D:\ti\ccsv8\tools\compiler\ti-cgt-msp430_18.1.2.LTS\lib\</path>
         <kind>archive</kind>
         <file>rts430x_lc_rd_eabi.lib</file>
         <name>int54.asm.obj</name>
      </input_file>
      <input_file id="fl-31">
         <path>D:\ti\ccsv8\tools\compiler\ti-cgt-msp430_18.1.2.LTS\lib\</path>
         <kind>archive</kind>
         <file>rts430x_lc_rd_eabi.lib</file>
         <name>int55.asm.obj</name>
      </input_file>
      <input_file id="fl-32">
         <path>D:\ti\ccsv8\tools\compiler\ti-cgt-msp430_18.1.2.LTS\lib\</path>
         <kind>archive</kind>
         <file>rts430x_lc_rd_eabi.lib</file>
         <name>int56.asm.obj</name>
      </input_file>
      <input_file id="fl-33">
         <path>D:\ti\ccsv8\tools\compiler\ti-cgt-msp430_18.1.2.LTS\lib\</path>
         <kind>archive</kind>
         <file>rts430x_lc_rd_eabi.lib</file>
         <name>int57.asm.obj</name>
      </input_file>
      <input_file id="fl-34">
         <path>D:\ti\ccsv8\tools\compiler\ti-cgt-msp430_18.1.2.LTS\lib\</path>
         <kind>archive</kind>
         <file>rts430x_lc_rd_eabi.lib</file>
         <name>int58.asm.obj</name>
      </input_file>
      <input_file id="fl-35">
         <path>D:\ti\ccsv8\tools\compiler\ti-cgt-msp430_18.1.2.LTS\lib\</path>
         <kind>archive</kind>
         <file>rts430x_lc_rd_eabi.lib</file>
         <name>int59.asm.obj</name>
      </input_file>
      <input_file id="fl-36">
         <path>D:\ti\ccsv8\tools\compiler\ti-cgt-msp430_18.1.2.LTS\lib\</path>
         <kind>archive</kind>
         <file>rts430x_lc_rd_eabi.lib</file>
         <name>int60.asm.obj</name>
      </input_file>
      <input_file id="fl-37">
         <path>D:\ti\ccsv8\tools\compiler\ti-cgt-msp430_18.1.2.LTS\lib\</path>
         <kind>archive</kind>
         <file>rts430x_lc_rd_eabi.lib</file>
         <name>int61.asm.obj</name>
      </input_file>
      <input_file id="fl-38">
         <path>D:\ti\ccsv8\tools\compiler\ti-cgt-msp430_18.1.2.LTS\lib\</path>
         <kind>archive</kind>
         <file>rts430x_lc_rd_eabi.lib</file>
         <name>int62.asm.obj</name>
      </input_file>
      <input_file id="fl-39">
         <path>D:\ti\ccsv8\tools\compiler\ti-cgt-msp430_18.1.2.LTS\lib\</path>
         <kind>archive</kind>
         <file>rts430x_lc_rd_eabi.lib</file>
         <name>isr_trap.asm.obj</name>
      </input_file>
      <input_file id="fl-3a">
         <path>D:\ti\ccsv8\tools\compiler\ti-cgt-msp430_18.1.2.LTS\lib\</path>
         <kind>archive</kind>
         <file>rts430x_lc_rd_eabi.lib</file>
         <name>mult16_f5hw.asm.obj</name>
      </input_file>
      <input_file id="fl-3b">
         <path>D:\ti\ccsv8\tools\compiler\ti-cgt-msp430_18.1.2.LTS\lib\</path>
         <kind>archive</kind>
         <file>rts430x_lc_rd_eabi.lib</file>
         <name>mult1632_f5hw.asm.obj</name>
      </input_file>
      <input_file id="fl-3c">
         <path>D:\ti\ccsv8\tools\compiler\ti-cgt-msp430_18.1.2.LTS\lib\</path>
         <kind>archive</kind>
         <file>rts430x_lc_rd_eabi.lib</file>
         <name>mult32_f5hw.asm.obj</name>
      </input_file>
      <input_file id="fl-3d">
         <path>D:\ti\ccsv8\tools\compiler\ti-cgt-msp430_18.1.2.LTS\lib\</path>
         <kind>archive</kind>
         <file>rts430x_lc_rd_eabi.lib</file>
         <name>mult3264_f5hw.asm.obj</name>
      </input_file>
      <input_file id="fl-3e">
         <path>D:\ti\ccsv8\tools\compiler\ti-cgt-msp430_18.1.2.LTS\lib\</path>
         <kind>archive</kind>
         <file>rts430x_lc_rd_eabi.lib</file>
         <name>mult64_f5hw.asm.obj</name>
      </input_file>
      <input_file id="fl-3f">
         <path>D:\ti\ccsv8\tools\compiler\ti-cgt-msp430_18.1.2.LTS\lib\</path>
         <kind>archive</kind>
         <file>rts430x_lc_rd_eabi.lib</file>
         <name>boot.c.obj</name>
      </input_file>
      <input_file id="fl-40">
         <path>D:\ti\ccsv8\tools\compiler\ti-cgt-msp430_18.1.2.LTS\lib\</path>
         <kind>archive</kind>
         <file>rts430x_lc_rd_eabi.lib</file>
         <name>autoinit.c.obj</name>
      </input_file>
      <input_file id="fl-41">
         <path>D:\ti\ccsv8\tools\compiler\ti-cgt-msp430_18.1.2.LTS\lib\</path>
         <kind>archive</kind>
         <file>rts430x_lc_rd_eabi.lib</file>
         <name>copy_zero_init.c.obj</name>
      </input_file>
      <input_file id="fl-42">
         <path>D:\ti\ccsv8\tools\compiler\ti-cgt-msp430_18.1.2.LTS\lib\</path>
         <kind>archive</kind>
         <file>rts430x_lc_rd_eabi.lib</file>
         <name>cpy_tbl.c.obj</name>
      </input_file>
      <input_file id="fl-43">
         <path>D:\ti\ccsv8\tools\compiler\ti-cgt-msp430_18.1.2.LTS\lib\</path>
         <kind>archive</kind>
         <file>rts430x_lc_rd_eabi.lib</file>
         <name>mpu_init.c.obj</name>
      </input_file>
      <input_file id="fl-44">
         <path>D:\ti\ccsv8\tools\compiler\ti-cgt-msp430_18.1.2.LTS\lib\</path>
         <kind>archive</kind>
         <file>rts430x_lc_rd_eabi.lib</file>
         <name>pre_init.c.obj</name>
      </input_file>
      <input_file id="fl-45">
         <path>D:\ti\ccsv8\tools\compiler\ti-cgt-msp430_18.1.2.LTS\lib\</path>
         <kind>archive</kind>
         <file>rts430x_lc_rd_eabi.lib</file>
         <name>startup.c.obj</name>
      </input_file>
      <input_file id="fl-46">
         <path>D:\ti\ccsv8\tools\compiler\ti-cgt-msp430_18.1.2.LTS\lib\</path>
         <kind>archive</kind>
         <file>rts430x_lc_rd_eabi.lib</file>
         <name>copy_decompress_none.c.obj</name>
      </input_file>
      <input_file id="fl-47">
         <path>D:\ti\ccsv8\tools\compiler\ti-cgt-msp430_18.1.2.LTS\lib\</path>
         <kind>archive</kind>
         <file>rts430x_lc_rd_eabi.lib</file>
         <name>copy_decompress_lzss.c.obj</name>
      </input_file>
      <input_file id="fl-48">
         <path>D:\ti\ccsv8\tools\compiler\ti-cgt-msp430_18.1.2.LTS\lib\</path>
         <kind>archive</kind>
         <file>rts430x_lc_rd_eabi.lib</file>
         <name>exit.c.obj</name>
      </input_file>
      <input_file id="fl-49">
         <path>D:\ti\ccsv8\tools\compiler\ti-cgt-msp430_18.1.2.LTS\lib\</path>
         <kind>archive</kind>
         <file>rts430x_lc_rd_eabi.lib</file>
         <name>_lock.c.obj</name>
      </input_file>
      <input_file id="fl-4a">
         <path>D:\ti\ccsv8\tools\compiler\ti-cgt-msp430_18.1.2.LTS\lib\</path>
         <kind>archive</kind>
         <file>rts430x_lc_rd_eabi.lib</file>
         <name>args_main.c.obj</name>
      </input_file>
      <input_file id="fl-4b">
         <path>D:\ti\ccsv8\tools\compiler\ti-cgt-msp430_18.1.2.LTS\lib\</path>
         <kind>archive</kind>
         <file>rts430x_lc_rd_eabi.lib</file>
         <name>memcpy.c.obj</name>
      </input_file>
      <input_file id="fl-4c">
         <path>D:\ti\ccsv8\tools\compiler\ti-cgt-msp430_18.1.2.LTS\lib\</path>
         <kind>archive</kind>
         <file>rts430x_lc_rd_eabi.lib</file>
         <name>printf.c.obj</name>
      </input_file>
      <input_file id="fl-4d">
         <path>D:\ti\ccsv8\tools\compiler\ti-cgt-msp430_18.1.2.LTS\lib\</path>
         <kind>archive</kind>
         <file>rts430x_lc_rd_eabi.lib</file>
         <name>mult16.asm.obj</name>
      </input_file>
      <input_file id="fl-4e">
         <path>D:\ti\ccsv8\tools\compiler\ti-cgt-msp430_18.1.2.LTS\lib\</path>
         <kind>archive</kind>
         <file>rts430x_lc_rd_eabi.lib</file>
         <name>exit_gvars.c.obj</name>
      </input_file>
      <input_file id="fl-4f">
         <path>D:\ti\ccsv8\tools\compiler\ti-cgt-msp430_18.1.2.LTS\lib\</path>
         <kind>archive</kind>
         <file>rts430x_lc_rd_eabi.lib</file>
         <name>_printfi_min.c.obj</name>
      </input_file>
      <input_file id="fl-50">
         <path>D:\ti\ccsv8\tools\compiler\ti-cgt-msp430_18.1.2.LTS\lib\</path>
         <kind>archive</kind>
         <file>rts430x_lc_rd_eabi.lib</file>
         <name>defs.c.obj</name>
      </input_file>
      <input_file id="fl-51">
         <path>D:\ti\ccsv8\tools\compiler\ti-cgt-msp430_18.1.2.LTS\lib\</path>
         <kind>archive</kind>
         <file>rts430x_lc_rd_eabi.lib</file>
         <name>fputc.c.obj</name>
      </input_file>
      <input_file id="fl-52">
         <path>D:\ti\ccsv8\tools\compiler\ti-cgt-msp430_18.1.2.LTS\lib\</path>
         <kind>archive</kind>
         <file>rts430x_lc_rd_eabi.lib</file>
         <name>fputs.c.obj</name>
      </input_file>
      <input_file id="fl-53">
         <path>D:\ti\ccsv8\tools\compiler\ti-cgt-msp430_18.1.2.LTS\lib\</path>
         <kind>archive</kind>
         <file>rts430x_lc_rd_eabi.lib</file>
         <name>memccpy.c.obj</name>
      </input_file>
      <input_file id="fl-54">
         <path>D:\ti\ccsv8\tools\compiler\ti-cgt-msp430_18.1.2.LTS\lib\</path>
         <kind>archive</kind>
         <file>rts430x_lc_rd_eabi.lib</file>
         <name>memchr.c.obj</name>
      </input_file>
      <input_file id="fl-55">
         <path>D:\ti\ccsv8\tools\compiler\ti-cgt-msp430_18.1.2.LTS\lib\</path>
         <kind>archive</kind>
         <file>rts430x_lc_rd_eabi.lib</file>
         <name>memset.c.obj</name>
      </input_file>
      <input_file id="fl-56">
         <path>D:\ti\ccsv8\tools\compiler\ti-cgt-msp430_18.1.2.LTS\lib\</path>
         <kind>archive</kind>
         <file>rts430x_lc_rd_eabi.lib</file>
         <name>strlen.c.obj</name>
      </input_file>
      <input_file id="fl-57">
         <path>D:\ti\ccsv8\tools\compiler\ti-cgt-msp430_18.1.2.LTS\lib\</path>
         <kind>archive</kind>
         <file>rts430x_lc_rd_eabi.lib</file>
         <name>write.c.obj</name>
      </input_file>
      <input_file id="fl-58">
         <path>D:\ti\ccsv8\tools\compiler\ti-cgt-msp430_18.1.2.LTS\lib\</path>
         <kind>archive</kind>
         <file>rts430x_lc_rd_eabi.lib</file>
         <name>div16u.asm.obj</name>
      </input_file>
      <input_file id="fl-59">
         <path>D:\ti\ccsv8\tools\compiler\ti-cgt-msp430_18.1.2.LTS\lib\</path>
         <kind>archive</kind>
         <file>rts430x_lc_rd_eabi.lib</file>
         <name>lsr64.c.obj</name>
      </input_file>
      <input_file id="fl-5a">
         <path>D:\ti\ccsv8\tools\compiler\ti-cgt-msp430_18.1.2.LTS\lib\</path>
         <kind>archive</kind>
         <file>rts430x_lc_rd_eabi.lib</file>
         <name>_io_perm.c.obj</name>
      </input_file>
      <input_file id="fl-5b">
         <path>D:\ti\ccsv8\tools\compiler\ti-cgt-msp430_18.1.2.LTS\lib\</path>
         <kind>archive</kind>
         <file>rts430x_lc_rd_eabi.lib</file>
         <name>fflush.c.obj</name>
      </input_file>
      <input_file id="fl-5c">
         <path>D:\ti\ccsv8\tools\compiler\ti-cgt-msp430_18.1.2.LTS\lib\</path>
         <kind>archive</kind>
         <file>rts430x_lc_rd_eabi.lib</file>
         <name>fseek.c.obj</name>
      </input_file>
      <input_file id="fl-5d">
         <path>D:\ti\ccsv8\tools\compiler\ti-cgt-msp430_18.1.2.LTS\lib\</path>
         <kind>archive</kind>
         <file>rts430x_lc_rd_eabi.lib</file>
         <name>lseek.c.obj</name>
      </input_file>
      <input_file id="fl-5e">
         <path>D:\ti\ccsv8\tools\compiler\ti-cgt-msp430_18.1.2.LTS\lib\</path>
         <kind>archive</kind>
         <file>rts430x_lc_rd_eabi.lib</file>
         <name>setvbuf.c.obj</name>
      </input_file>
      <input_file id="fl-5f">
         <path>D:\ti\ccsv8\tools\compiler\ti-cgt-msp430_18.1.2.LTS\lib\</path>
         <kind>archive</kind>
         <file>rts430x_lc_rd_eabi.lib</file>
         <name>hostclose.c.obj</name>
      </input_file>
      <input_file id="fl-60">
         <path>D:\ti\ccsv8\tools\compiler\ti-cgt-msp430_18.1.2.LTS\lib\</path>
         <kind>archive</kind>
         <file>rts430x_lc_rd_eabi.lib</file>
         <name>hostlseek.c.obj</name>
      </input_file>
      <input_file id="fl-61">
         <path>D:\ti\ccsv8\tools\compiler\ti-cgt-msp430_18.1.2.LTS\lib\</path>
         <kind>archive</kind>
         <file>rts430x_lc_rd_eabi.lib</file>
         <name>hostopen.c.obj</name>
      </input_file>
      <input_file id="fl-62">
         <path>D:\ti\ccsv8\tools\compiler\ti-cgt-msp430_18.1.2.LTS\lib\</path>
         <kind>archive</kind>
         <file>rts430x_lc_rd_eabi.lib</file>
         <name>hostread.c.obj</name>
      </input_file>
      <input_file id="fl-63">
         <path>D:\ti\ccsv8\tools\compiler\ti-cgt-msp430_18.1.2.LTS\lib\</path>
         <kind>archive</kind>
         <file>rts430x_lc_rd_eabi.lib</file>
         <name>hostrename.c.obj</name>
      </input_file>
      <input_file id="fl-64">
         <path>D:\ti\ccsv8\tools\compiler\ti-cgt-msp430_18.1.2.LTS\lib\</path>
         <kind>archive</kind>
         <file>rts430x_lc_rd_eabi.lib</file>
         <name>hostunlink.c.obj</name>
      </input_file>
      <input_file id="fl-65">
         <path>D:\ti\ccsv8\tools\compiler\ti-cgt-msp430_18.1.2.LTS\lib\</path>
         <kind>archive</kind>
         <file>rts430x_lc_rd_eabi.lib</file>
         <name>hostwrite.c.obj</name>
      </input_file>
      <input_file id="fl-66">
         <path>D:\ti\ccsv8\tools\compiler\ti-cgt-msp430_18.1.2.LTS\lib\</path>
         <kind>archive</kind>
         <file>rts430x_lc_rd_eabi.lib</file>
         <name>trgmsg.c.obj</name>
      </input_file>
      <input_file id="fl-67">
         <path>D:\ti\ccsv8\tools\compiler\ti-cgt-msp430_18.1.2.LTS\lib\</path>
         <kind>archive</kind>
         <file>rts430x_lc_rd_eabi.lib</file>
         <name>lsl32.asm.obj</name>
      </input_file>
      <input_file id="fl-68">
         <path>D:\ti\ccsv8\tools\compiler\ti-cgt-msp430_18.1.2.LTS\lib\</path>
         <kind>archive</kind>
         <file>rts430x_lc_rd_eabi.lib</file>
         <name>memory.c.obj</name>
      </input_file>
      <input_file id="fl-69">
         <path>D:\ti\ccsv8\tools\compiler\ti-cgt-msp430_18.1.2.LTS\lib\</path>
         <kind>archive</kind>
         <file>rts430x_lc_rd_eabi.lib</file>
         <name>fopen.c.obj</name>
      </input_file>
      <input_file id="fl-6a">
         <path>D:\ti\ccsv8\tools\compiler\ti-cgt-msp430_18.1.2.LTS\lib\</path>
         <kind>archive</kind>
         <file>rts430x_lc_rd_eabi.lib</file>
         <name>open.c.obj</name>
      </input_file>
      <input_file id="fl-6b">
         <path>D:\ti\ccsv8\tools\compiler\ti-cgt-msp430_18.1.2.LTS\lib\</path>
         <kind>archive</kind>
         <file>rts430x_lc_rd_eabi.lib</file>
         <name>strcpy.c.obj</name>
      </input_file>
      <input_file id="fl-6c">
         <path>D:\ti\ccsv8\tools\compiler\ti-cgt-msp430_18.1.2.LTS\lib\</path>
         <kind>archive</kind>
         <file>rts430x_lc_rd_eabi.lib</file>
         <name>div16s.asm.obj</name>
      </input_file>
      <input_file id="fl-6d">
         <path>D:\ti\ccsv8\tools\compiler\ti-cgt-msp430_18.1.2.LTS\lib\</path>
         <kind>archive</kind>
         <file>rts430x_lc_rd_eabi.lib</file>
         <name>fclose.c.obj</name>
      </input_file>
      <input_file id="fl-6e">
         <path>D:\ti\ccsv8\tools\compiler\ti-cgt-msp430_18.1.2.LTS\lib\</path>
         <kind>archive</kind>
         <file>rts430x_lc_rd_eabi.lib</file>
         <name>getdevice.c.obj</name>
      </input_file>
      <input_file id="fl-6f">
         <path>D:\ti\ccsv8\tools\compiler\ti-cgt-msp430_18.1.2.LTS\lib\</path>
         <kind>archive</kind>
         <file>rts430x_lc_rd_eabi.lib</file>
         <name>remove.c.obj</name>
      </input_file>
      <input_file id="fl-70">
         <path>D:\ti\ccsv8\tools\compiler\ti-cgt-msp430_18.1.2.LTS\lib\</path>
         <kind>archive</kind>
         <file>rts430x_lc_rd_eabi.lib</file>
         <name>strchr.c.obj</name>
      </input_file>
      <input_file id="fl-71">
         <path>D:\ti\ccsv8\tools\compiler\ti-cgt-msp430_18.1.2.LTS\lib\</path>
         <kind>archive</kind>
         <file>rts430x_lc_rd_eabi.lib</file>
         <name>strcmp.c.obj</name>
      </input_file>
      <input_file id="fl-72">
         <path>D:\ti\ccsv8\tools\compiler\ti-cgt-msp430_18.1.2.LTS\lib\</path>
         <kind>archive</kind>
         <file>rts430x_lc_rd_eabi.lib</file>
         <name>strncpy.c.obj</name>
      </input_file>
      <input_file id="fl-73">
         <path>D:\ti\ccsv8\tools\compiler\ti-cgt-msp430_18.1.2.LTS\lib\</path>
         <kind>archive</kind>
         <file>rts430x_lc_rd_eabi.lib</file>
         <name>unlink.c.obj</name>
      </input_file>
      <input_file id="fl-74">
         <path>D:\ti\ccsv8\tools\compiler\ti-cgt-msp430_18.1.2.LTS\lib\</path>
         <kind>archive</kind>
         <file>rts430x_lc_rd_eabi.lib</file>
         <name>close.c.obj</name>
      </input_file>
   </input_file_list>
   <object_component_list>
      <object_component id="oc-5ec">
         <name>.bss</name>
         <uninitialized>true</uninitialized>
         <run_address>0x2880</run_address>
         <size>0xa</size>
         <input_file_ref idref="fl-68"/>
      </object_component>
      <object_component id="oc-63f">
         <name>.common:__TI_tmpnams</name>
         <uninitialized>true</uninitialized>
         <run_address>0x27e0</run_address>
         <size>0xa0</size>
      </object_component>
      <object_component id="oc-64a">
         <name>.common:parmbuf</name>
         <uninitialized>true</uninitialized>
         <run_address>0x288a</run_address>
         <size>0x8</size>
      </object_component>
      <object_component id="oc-499">
         <name>.data</name>
         <load_address>0x258e</load_address>
         <run_address>0x258e</run_address>
         <size>0x2</size>
         <input_file_ref idref="fl-48"/>
      </object_component>
      <object_component id="oc-47b">
         <name>.data:_lock</name>
         <load_address>0x2584</load_address>
         <run_address>0x2584</run_address>
         <size>0x4</size>
         <input_file_ref idref="fl-49"/>
      </object_component>
      <object_component id="oc-493">
         <name>.data:_unlock</name>
         <load_address>0x2588</load_address>
         <run_address>0x2588</run_address>
         <size>0x4</size>
         <input_file_ref idref="fl-49"/>
      </object_component>
      <object_component id="oc-49f">
         <name>.data:__TI_cleanup_ptr</name>
         <load_address>0x257c</load_address>
         <run_address>0x257c</run_address>
         <size>0x4</size>
         <input_file_ref idref="fl-4e"/>
      </object_component>
      <object_component id="oc-49c">
         <name>.data:__TI_dtors_ptr</name>
         <load_address>0x2580</load_address>
         <run_address>0x2580</run_address>
         <size>0x4</size>
         <input_file_ref idref="fl-4e"/>
      </object_component>
      <object_component id="oc-47e">
         <name>.data:_ftable</name>
         <load_address>0x2400</load_address>
         <run_address>0x2400</run_address>
         <size>0xc8</size>
         <input_file_ref idref="fl-50"/>
      </object_component>
      <object_component id="oc-600">
         <name>.data</name>
         <load_address>0x258c</load_address>
         <run_address>0x258c</run_address>
         <size>0x2</size>
         <input_file_ref idref="fl-50"/>
      </object_component>
      <object_component id="oc-5cb">
         <name>.data:_device</name>
         <load_address>0x24c8</load_address>
         <run_address>0x24c8</run_address>
         <size>0x78</size>
         <input_file_ref idref="fl-57"/>
      </object_component>
      <object_component id="oc-58e">
         <name>.data:_stream</name>
         <load_address>0x2540</load_address>
         <run_address>0x2540</run_address>
         <size>0x3c</size>
         <input_file_ref idref="fl-57"/>
      </object_component>
      <object_component id="oc-5f0">
         <name>.data</name>
         <load_address>0x2590</load_address>
         <run_address>0x2590</run_address>
         <size>0x2</size>
         <input_file_ref idref="fl-68"/>
      </object_component>
      <object_component id="oc-381">
         <name>.sysmem</name>
         <uninitialized>true</uninitialized>
         <run_address>0x2594</run_address>
         <size>0x6</size>
         <input_file_ref idref="fl-68"/>
      </object_component>
      <object_component id="oc-740">
         <name>.sysmem</name>
         <uninitialized>true</uninitialized>
         <run_address>0x2594</run_address>
         <size>0x0</size>
      </object_component>
      <object_component id="oc-37d">
         <name>.stack</name>
         <uninitialized>true</uninitialized>
         <run_address>0x4360</run_address>
         <size>0x4</size>
         <input_file_ref idref="fl-3f"/>
      </object_component>
      <object_component id="oc-73f">
         <name>.stack</name>
         <uninitialized>true</uninitialized>
         <run_address>0x4360</run_address>
         <size>0x0</size>
      </object_component>
      <object_component id="oc-4e6">
         <name>.text:_setfield</name>
         <load_address>0x10000</load_address>
         <run_address>0x10000</run_address>
         <size>0x132</size>
         <input_file_ref idref="fl-4f"/>
      </object_component>
      <object_component id="oc-4d2">
         <name>.text:fputs</name>
         <load_address>0x10132</load_address>
         <run_address>0x10132</run_address>
         <size>0xf0</size>
         <input_file_ref idref="fl-52"/>
      </object_component>
      <object_component id="oc-582">
         <name>.text:setvbuf</name>
         <load_address>0x10222</load_address>
         <run_address>0x10222</run_address>
         <size>0xde</size>
         <input_file_ref idref="fl-5e"/>
      </object_component>
      <object_component id="oc-48d">
         <name>.text:__TI_printfi_minimal</name>
         <load_address>0x10300</load_address>
         <run_address>0x10300</run_address>
         <size>0xdc</size>
         <input_file_ref idref="fl-4f"/>
      </object_component>
      <object_component id="oc-553">
         <name>.text:_pproc_diouxp</name>
         <load_address>0x103dc</load_address>
         <run_address>0x103dc</run_address>
         <size>0xda</size>
         <input_file_ref idref="fl-4f"/>
      </object_component>
      <object_component id="oc-5b2">
         <name>.text:malloc</name>
         <load_address>0x104b6</load_address>
         <run_address>0x104b6</run_address>
         <size>0xbc</size>
         <input_file_ref idref="fl-68"/>
      </object_component>
      <object_component id="oc-61e">
         <name>.text:HOSTlseek</name>
         <load_address>0x10572</load_address>
         <run_address>0x10572</run_address>
         <size>0x9a</size>
         <input_file_ref idref="fl-60"/>
      </object_component>
      <object_component id="oc-4d9">
         <name>.text:fputc</name>
         <load_address>0x1060c</load_address>
         <run_address>0x1060c</run_address>
         <size>0x90</size>
         <input_file_ref idref="fl-51"/>
      </object_component>
      <object_component id="oc-5ac">
         <name>.text:free</name>
         <load_address>0x1069c</load_address>
         <run_address>0x1069c</run_address>
         <size>0x8e</size>
         <input_file_ref idref="fl-68"/>
      </object_component>
      <object_component id="oc-52e">
         <name>.text:__TI_wrt_ok</name>
         <load_address>0x1072a</load_address>
         <run_address>0x1072a</run_address>
         <size>0x7e</size>
         <input_file_ref idref="fl-5a"/>
      </object_component>
      <object_component id="oc-6d">
         <name>.text:decompress:lzss:__TI_decompress_lzss</name>
         <load_address>0x107a8</load_address>
         <run_address>0x107a8</run_address>
         <size>0x76</size>
         <input_file_ref idref="fl-47"/>
      </object_component>
      <object_component id="oc-62a">
         <name>.text:HOSTrename</name>
         <load_address>0x1081e</load_address>
         <run_address>0x1081e</run_address>
         <size>0x74</size>
         <input_file_ref idref="fl-63"/>
      </object_component>
      <object_component id="oc-5fa">
         <name>.text:__TI_closefile</name>
         <load_address>0x10892</load_address>
         <run_address>0x10892</run_address>
         <size>0x74</size>
         <input_file_ref idref="fl-6d"/>
      </object_component>
      <object_component id="oc-606">
         <name>.text:HOSTopen</name>
         <load_address>0x10906</load_address>
         <run_address>0x10906</run_address>
         <size>0x70</size>
         <input_file_ref idref="fl-61"/>
      </object_component>
      <object_component id="oc-618">
         <name>.text:HOSTwrite</name>
         <load_address>0x10976</load_address>
         <run_address>0x10976</run_address>
         <size>0x6c</size>
         <input_file_ref idref="fl-65"/>
      </object_component>
      <object_component id="oc-612">
         <name>.text:HOSTread</name>
         <load_address>0x109e2</load_address>
         <run_address>0x109e2</run_address>
         <size>0x6a</size>
         <input_file_ref idref="fl-62"/>
      </object_component>
      <object_component id="oc-57c">
         <name>.text:fseek</name>
         <load_address>0x10a4c</load_address>
         <run_address>0x10a4c</run_address>
         <size>0x6a</size>
         <input_file_ref idref="fl-5c"/>
      </object_component>
      <object_component id="oc-53a">
         <name>.text:__TI_doflush</name>
         <load_address>0x10ab6</load_address>
         <run_address>0x10ab6</run_address>
         <size>0x64</size>
         <input_file_ref idref="fl-5b"/>
      </object_component>
      <object_component id="oc-639">
         <name>.text:close</name>
         <load_address>0x10b1a</load_address>
         <run_address>0x10b1a</run_address>
         <size>0x5a</size>
         <input_file_ref idref="fl-74"/>
      </object_component>
      <object_component id="oc-673">
         <name>.text:getdevice</name>
         <load_address>0x10b74</load_address>
         <run_address>0x10b74</run_address>
         <size>0x5a</size>
         <input_file_ref idref="fl-6e"/>
      </object_component>
      <object_component id="oc-45b">
         <name>.text:__TI_auto_init_nobinit_nopinit_hold_wdt:__TI_auto_init_nobinit_nopinit_hold_wdt</name>
         <load_address>0x10bce</load_address>
         <run_address>0x10bce</run_address>
         <size>0x54</size>
         <input_file_ref idref="fl-40"/>
      </object_component>
      <object_component id="oc-60c">
         <name>.text:HOSTclose</name>
         <load_address>0x10c22</load_address>
         <run_address>0x10c22</run_address>
         <size>0x4e</size>
         <input_file_ref idref="fl-5f"/>
      </object_component>
      <object_component id="oc-43d">
         <name>.text:exit</name>
         <load_address>0x10c70</load_address>
         <run_address>0x10c70</run_address>
         <size>0x4a</size>
         <input_file_ref idref="fl-48"/>
      </object_component>
      <object_component id="oc-430">
         <name>.text:printf</name>
         <load_address>0x10cba</load_address>
         <run_address>0x10cba</run_address>
         <size>0x4a</size>
         <input_file_ref idref="fl-4c"/>
      </object_component>
      <object_component id="oc-4ec">
         <name>.text:_pproc_str</name>
         <load_address>0x10d04</load_address>
         <run_address>0x10d04</run_address>
         <size>0x48</size>
         <input_file_ref idref="fl-4f"/>
      </object_component>
      <object_component id="oc-624">
         <name>.text:HOSTunlink</name>
         <load_address>0x10d4c</load_address>
         <run_address>0x10d4c</run_address>
         <size>0x46</size>
         <input_file_ref idref="fl-64"/>
      </object_component>
      <object_component id="oc-5f3">
         <name>.text:minit</name>
         <load_address>0x10d92</load_address>
         <run_address>0x10d92</run_address>
         <size>0x42</size>
         <input_file_ref idref="fl-68"/>
      </object_component>
      <object_component id="oc-660">
         <name>.text:l_lsl_const</name>
         <load_address>0x10dd4</load_address>
         <run_address>0x10dd4</run_address>
         <size>0x3e</size>
         <input_file_ref idref="fl-67"/>
      </object_component>
      <object_component id="oc-5a4">
         <name>.text:lseek</name>
         <load_address>0x10e12</load_address>
         <run_address>0x10e12</run_address>
         <size>0x3e</size>
         <input_file_ref idref="fl-5d"/>
      </object_component>
      <object_component id="oc-540">
         <name>.text:write</name>
         <load_address>0x10e50</load_address>
         <run_address>0x10e50</run_address>
         <size>0x3c</size>
         <input_file_ref idref="fl-57"/>
      </object_component>
      <object_component id="oc-5b8">
         <name>.text:__TI_cleanup</name>
         <load_address>0x10e8c</load_address>
         <run_address>0x10e8c</run_address>
         <size>0x36</size>
         <input_file_ref idref="fl-69"/>
      </object_component>
      <object_component id="oc-64d">
         <name>.text:__TI_writemsg</name>
         <load_address>0x10ec2</load_address>
         <run_address>0x10ec2</run_address>
         <size>0x36</size>
         <input_file_ref idref="fl-66"/>
      </object_component>
      <object_component id="oc-653">
         <name>.text:__TI_readmsg</name>
         <load_address>0x10ef8</load_address>
         <run_address>0x10ef8</run_address>
         <size>0x32</size>
         <input_file_ref idref="fl-66"/>
      </object_component>
      <object_component id="oc-69c">
         <name>.text:strncpy</name>
         <load_address>0x10f2a</load_address>
         <run_address>0x10f2a</run_address>
         <size>0x32</size>
         <input_file_ref idref="fl-72"/>
      </object_component>
      <object_component id="oc-640">
         <name>.text:unlink</name>
         <load_address>0x10f5c</load_address>
         <run_address>0x10f5c</run_address>
         <size>0x30</size>
         <input_file_ref idref="fl-73"/>
      </object_component>
      <object_component id="oc-6a2">
         <name>.text:finddevice</name>
         <load_address>0x10f8c</load_address>
         <run_address>0x10f8c</run_address>
         <size>0x2e</size>
         <input_file_ref idref="fl-6e"/>
      </object_component>
      <object_component id="oc-3a1">
         <name>.text:decompress:ZI:__TI_zero_init_nomemset:__TI_zero_init_nomemset</name>
         <load_address>0x10fba</load_address>
         <run_address>0x10fba</run_address>
         <size>0x24</size>
         <input_file_ref idref="fl-41"/>
      </object_component>
      <object_component id="oc-400">
         <name>.text:main</name>
         <load_address>0x10fde</load_address>
         <run_address>0x10fde</run_address>
         <size>0x1e</size>
         <input_file_ref idref="fl-2"/>
      </object_component>
      <object_component id="oc-559">
         <name>.text:memccpy</name>
         <load_address>0x10ffc</load_address>
         <run_address>0x10ffc</run_address>
         <size>0x1e</size>
         <input_file_ref idref="fl-53"/>
      </object_component>
      <object_component id="oc-696">
         <name>.text:strchr</name>
         <load_address>0x1101a</load_address>
         <run_address>0x1101a</run_address>
         <size>0x1c</size>
         <input_file_ref idref="fl-70"/>
      </object_component>
      <object_component id="oc-6bb">
         <name>.text:strcmp</name>
         <load_address>0x11036</load_address>
         <run_address>0x11036</run_address>
         <size>0x1c</size>
         <input_file_ref idref="fl-71"/>
      </object_component>
      <object_component id="oc-51d">
         <name>.text</name>
         <load_address>0x11052</load_address>
         <run_address>0x11052</run_address>
         <size>0x18</size>
         <input_file_ref idref="fl-3a"/>
      </object_component>
      <object_component id="oc-534">
         <name>.text:memchr</name>
         <load_address>0x1106a</load_address>
         <run_address>0x1106a</run_address>
         <size>0x16</size>
         <input_file_ref idref="fl-54"/>
      </object_component>
      <object_component id="oc-54c">
         <name>.text:memset</name>
         <load_address>0x11080</load_address>
         <run_address>0x11080</run_address>
         <size>0x16</size>
         <input_file_ref idref="fl-55"/>
      </object_component>
      <object_component id="oc-59b">
         <name>.text</name>
         <load_address>0x11096</load_address>
         <run_address>0x11096</run_address>
         <size>0x16</size>
         <input_file_ref idref="fl-58"/>
      </object_component>
      <object_component id="oc-38f">
         <name>.text:memcpy</name>
         <load_address>0x110ac</load_address>
         <run_address>0x110ac</run_address>
         <size>0x14</size>
         <input_file_ref idref="fl-4b"/>
      </object_component>
      <object_component id="oc-73">
         <name>.text:decompress:none:__TI_decompress_none</name>
         <load_address>0x110c0</load_address>
         <run_address>0x110c0</run_address>
         <size>0x12</size>
         <input_file_ref idref="fl-46"/>
      </object_component>
      <object_component id="oc-669">
         <name>.text:strcpy</name>
         <load_address>0x110d2</load_address>
         <run_address>0x110d2</run_address>
         <size>0x12</size>
         <input_file_ref idref="fl-6b"/>
      </object_component>
      <object_component id="oc-4e0">
         <name>.text:strlen</name>
         <load_address>0x110e4</load_address>
         <run_address>0x110e4</run_address>
         <size>0xe</size>
         <input_file_ref idref="fl-56"/>
      </object_component>
      <object_component id="oc-487">
         <name>.text:_outc</name>
         <load_address>0x110f2</load_address>
         <run_address>0x110f2</run_address>
         <size>0x6</size>
         <input_file_ref idref="fl-4c"/>
      </object_component>
      <object_component id="oc-437">
         <name>.text:abort</name>
         <load_address>0x110f8</load_address>
         <run_address>0x110f8</run_address>
         <size>0x6</size>
         <input_file_ref idref="fl-48"/>
      </object_component>
      <object_component id="oc-481">
         <name>.text:_outs</name>
         <load_address>0x110fe</load_address>
         <run_address>0x110fe</run_address>
         <size>0x4</size>
         <input_file_ref idref="fl-4c"/>
      </object_component>
      <object_component id="oc-3fa">
         <name>.text:_system_pre_init</name>
         <load_address>0x11102</load_address>
         <run_address>0x11102</run_address>
         <size>0x4</size>
         <input_file_ref idref="fl-44"/>
      </object_component>
      <object_component id="oc-4c5">
         <name>.text:_nop</name>
         <load_address>0x11106</load_address>
         <run_address>0x11106</run_address>
         <size>0x2</size>
         <input_file_ref idref="fl-49"/>
      </object_component>
      <object_component id="oc-4a4">
         <name>.text:_system_post_cinit</name>
         <load_address>0x11108</load_address>
         <run_address>0x11108</run_address>
         <size>0x2</size>
         <input_file_ref idref="fl-45"/>
      </object_component>
      <object_component id="oc-3b3">
         <name>.text:_isr:_c_int00_noargs</name>
         <load_address>0x4400</load_address>
         <run_address>0x4400</run_address>
         <size>0x1c</size>
         <input_file_ref idref="fl-3f"/>
      </object_component>
      <object_component id="oc-39c">
         <name>.text:_isr:__TI_ISR_TRAP</name>
         <load_address>0x441c</load_address>
         <run_address>0x441c</run_address>
         <size>0x8</size>
         <input_file_ref idref="fl-39"/>
      </object_component>
      <object_component id="oc-73e">
         <name>.cinit..data.load</name>
         <load_address>0x4446</load_address>
         <run_address>0x4446</run_address>
         <size>0x56</size>
      </object_component>
      <object_component id="oc-73b">
         <name>__TI_handler_table</name>
         <load_address>0x449c</load_address>
         <run_address>0x449c</run_address>
         <size>0xc</size>
      </object_component>
      <object_component id="oc-73d">
         <name>.cinit..bss.load</name>
         <load_address>0x44a8</load_address>
         <run_address>0x44a8</run_address>
         <size>0x6</size>
      </object_component>
      <object_component id="oc-73c">
         <name>__TI_cinit_table</name>
         <load_address>0x44ae</load_address>
         <run_address>0x44ae</run_address>
         <size>0x10</size>
      </object_component>
      <object_component id="oc-552">
         <name>.const:.string</name>
         <load_address>0x4424</load_address>
         <run_address>0x4424</run_address>
         <size>0x14</size>
         <input_file_ref idref="fl-4f"/>
      </object_component>
      <object_component id="oc-42f">
         <name>.const:.string</name>
         <load_address>0x4438</load_address>
         <run_address>0x4438</run_address>
         <size>0xe</size>
         <input_file_ref idref="fl-2"/>
      </object_component>
      <object_component id="oc-67f">
         <name>.cio</name>
         <uninitialized>true</uninitialized>
         <run_address>0x26c0</run_address>
         <size>0x120</size>
         <input_file_ref idref="fl-66"/>
      </object_component>
      <object_component id="oc-6cd">
         <name>.binit</name>
         <load_address>0x4400</load_address>
         <run_address>0x4400</run_address>
         <size>0x0</size>
      </object_component>
      <object_component id="oc-79">
         <name>.int41</name>
         <load_address>0xffd2</load_address>
         <run_address>0xffd2</run_address>
         <size>0x2</size>
         <input_file_ref idref="fl-23"/>
      </object_component>
      <object_component id="oc-7a">
         <name>.int42</name>
         <load_address>0xffd4</load_address>
         <run_address>0xffd4</run_address>
         <size>0x2</size>
         <input_file_ref idref="fl-24"/>
      </object_component>
      <object_component id="oc-7b">
         <name>.int43</name>
         <load_address>0xffd6</load_address>
         <run_address>0xffd6</run_address>
         <size>0x2</size>
         <input_file_ref idref="fl-25"/>
      </object_component>
      <object_component id="oc-7c">
         <name>.int44</name>
         <load_address>0xffd8</load_address>
         <run_address>0xffd8</run_address>
         <size>0x2</size>
         <input_file_ref idref="fl-26"/>
      </object_component>
      <object_component id="oc-7d">
         <name>.int45</name>
         <load_address>0xffda</load_address>
         <run_address>0xffda</run_address>
         <size>0x2</size>
         <input_file_ref idref="fl-27"/>
      </object_component>
      <object_component id="oc-7e">
         <name>.int46</name>
         <load_address>0xffdc</load_address>
         <run_address>0xffdc</run_address>
         <size>0x2</size>
         <input_file_ref idref="fl-28"/>
      </object_component>
      <object_component id="oc-7f">
         <name>.int47</name>
         <load_address>0xffde</load_address>
         <run_address>0xffde</run_address>
         <size>0x2</size>
         <input_file_ref idref="fl-29"/>
      </object_component>
      <object_component id="oc-80">
         <name>.int48</name>
         <load_address>0xffe0</load_address>
         <run_address>0xffe0</run_address>
         <size>0x2</size>
         <input_file_ref idref="fl-2a"/>
      </object_component>
      <object_component id="oc-81">
         <name>.int49</name>
         <load_address>0xffe2</load_address>
         <run_address>0xffe2</run_address>
         <size>0x2</size>
         <input_file_ref idref="fl-2b"/>
      </object_component>
      <object_component id="oc-82">
         <name>.int50</name>
         <load_address>0xffe4</load_address>
         <run_address>0xffe4</run_address>
         <size>0x2</size>
         <input_file_ref idref="fl-2c"/>
      </object_component>
      <object_component id="oc-83">
         <name>.int51</name>
         <load_address>0xffe6</load_address>
         <run_address>0xffe6</run_address>
         <size>0x2</size>
         <input_file_ref idref="fl-2d"/>
      </object_component>
      <object_component id="oc-84">
         <name>.int52</name>
         <load_address>0xffe8</load_address>
         <run_address>0xffe8</run_address>
         <size>0x2</size>
         <input_file_ref idref="fl-2e"/>
      </object_component>
      <object_component id="oc-85">
         <name>.int53</name>
         <load_address>0xffea</load_address>
         <run_address>0xffea</run_address>
         <size>0x2</size>
         <input_file_ref idref="fl-2f"/>
      </object_component>
      <object_component id="oc-86">
         <name>.int54</name>
         <load_address>0xffec</load_address>
         <run_address>0xffec</run_address>
         <size>0x2</size>
         <input_file_ref idref="fl-30"/>
      </object_component>
      <object_component id="oc-87">
         <name>.int55</name>
         <load_address>0xffee</load_address>
         <run_address>0xffee</run_address>
         <size>0x2</size>
         <input_file_ref idref="fl-31"/>
      </object_component>
      <object_component id="oc-88">
         <name>.int56</name>
         <load_address>0xfff0</load_address>
         <run_address>0xfff0</run_address>
         <size>0x2</size>
         <input_file_ref idref="fl-32"/>
      </object_component>
      <object_component id="oc-89">
         <name>.int57</name>
         <load_address>0xfff2</load_address>
         <run_address>0xfff2</run_address>
         <size>0x2</size>
         <input_file_ref idref="fl-33"/>
      </object_component>
      <object_component id="oc-8a">
         <name>.int58</name>
         <load_address>0xfff4</load_address>
         <run_address>0xfff4</run_address>
         <size>0x2</size>
         <input_file_ref idref="fl-34"/>
      </object_component>
      <object_component id="oc-8b">
         <name>.int59</name>
         <load_address>0xfff6</load_address>
         <run_address>0xfff6</run_address>
         <size>0x2</size>
         <input_file_ref idref="fl-35"/>
      </object_component>
      <object_component id="oc-8c">
         <name>.int60</name>
         <load_address>0xfff8</load_address>
         <run_address>0xfff8</run_address>
         <size>0x2</size>
         <input_file_ref idref="fl-36"/>
      </object_component>
      <object_component id="oc-8d">
         <name>.int61</name>
         <load_address>0xfffa</load_address>
         <run_address>0xfffa</run_address>
         <size>0x2</size>
         <input_file_ref idref="fl-37"/>
      </object_component>
      <object_component id="oc-8e">
         <name>.int62</name>
         <load_address>0xfffc</load_address>
         <run_address>0xfffc</run_address>
         <size>0x2</size>
         <input_file_ref idref="fl-38"/>
      </object_component>
      <object_component id="oc-380">
         <name>.reset</name>
         <load_address>0xfffe</load_address>
         <run_address>0xfffe</run_address>
         <size>0x2</size>
         <input_file_ref idref="fl-3f"/>
      </object_component>
      <object_component id="oc-5a3">
         <name>.debug_info</name>
         <load_address>0x0</load_address>
         <run_address>0x0</run_address>
         <size>0x1b8</size>
         <input_file_ref idref="fl-2"/>
      </object_component>
      <object_component id="oc-401">
         <name>.debug_info</name>
         <load_address>0x1b8</load_address>
         <run_address>0x1b8</run_address>
         <size>0x11c</size>
         <input_file_ref idref="fl-2"/>
      </object_component>
      <object_component id="oc-5e3">
         <name>.debug_info</name>
         <load_address>0x2d4</load_address>
         <run_address>0x2d4</run_address>
         <size>0x26b</size>
         <input_file_ref idref="fl-2"/>
      </object_component>
      <object_component id="oc-38a">
         <name>.debug_info</name>
         <load_address>0x53f</load_address>
         <run_address>0x53f</run_address>
         <size>0x84</size>
         <input_file_ref idref="fl-2"/>
      </object_component>
      <object_component id="oc-56d">
         <name>.debug_info</name>
         <load_address>0x5c3</load_address>
         <run_address>0x5c3</run_address>
         <size>0x275</size>
         <input_file_ref idref="fl-2"/>
      </object_component>
      <object_component id="oc-4f4">
         <name>.debug_info</name>
         <load_address>0x838</load_address>
         <run_address>0x838</run_address>
         <size>0x2c</size>
         <input_file_ref idref="fl-2"/>
      </object_component>
      <object_component id="oc-39d">
         <name>.debug_info</name>
         <load_address>0x864</load_address>
         <run_address>0x864</run_address>
         <size>0x107</size>
         <input_file_ref idref="fl-39"/>
      </object_component>
      <object_component id="oc-51e">
         <name>.debug_info</name>
         <load_address>0x96b</load_address>
         <run_address>0x96b</run_address>
         <size>0x128</size>
         <input_file_ref idref="fl-3a"/>
      </object_component>
      <object_component id="oc-37e">
         <name>.debug_info</name>
         <load_address>0xa93</load_address>
         <run_address>0xa93</run_address>
         <size>0xf5</size>
         <input_file_ref idref="fl-3f"/>
      </object_component>
      <object_component id="oc-3b4">
         <name>.debug_info</name>
         <load_address>0xb88</load_address>
         <run_address>0xb88</run_address>
         <size>0x16f</size>
         <input_file_ref idref="fl-3f"/>
      </object_component>
      <object_component id="oc-4ab">
         <name>.debug_info</name>
         <load_address>0xcf7</load_address>
         <run_address>0xcf7</run_address>
         <size>0x490</size>
         <input_file_ref idref="fl-40"/>
      </object_component>
      <object_component id="oc-45d">
         <name>.debug_info</name>
         <load_address>0x1187</load_address>
         <run_address>0x1187</run_address>
         <size>0x225</size>
         <input_file_ref idref="fl-40"/>
      </object_component>
      <object_component id="oc-513">
         <name>.debug_info</name>
         <load_address>0x13ac</load_address>
         <run_address>0x13ac</run_address>
         <size>0x39</size>
         <input_file_ref idref="fl-40"/>
      </object_component>
      <object_component id="oc-524">
         <name>.debug_info</name>
         <load_address>0x13e5</load_address>
         <run_address>0x13e5</run_address>
         <size>0x2c</size>
         <input_file_ref idref="fl-40"/>
      </object_component>
      <object_component id="oc-4b6">
         <name>.debug_info</name>
         <load_address>0x1411</load_address>
         <run_address>0x1411</run_address>
         <size>0x2c</size>
         <input_file_ref idref="fl-40"/>
      </object_component>
      <object_component id="oc-518">
         <name>.debug_info</name>
         <load_address>0x143d</load_address>
         <run_address>0x143d</run_address>
         <size>0xcd</size>
         <input_file_ref idref="fl-40"/>
      </object_component>
      <object_component id="oc-3f8">
         <name>.debug_info</name>
         <load_address>0x150a</load_address>
         <run_address>0x150a</run_address>
         <size>0x1be</size>
         <input_file_ref idref="fl-41"/>
      </object_component>
      <object_component id="oc-3a2">
         <name>.debug_info</name>
         <load_address>0x16c8</load_address>
         <run_address>0x16c8</run_address>
         <size>0x1cc</size>
         <input_file_ref idref="fl-41"/>
      </object_component>
      <object_component id="oc-3f3">
         <name>.debug_info</name>
         <load_address>0x1894</load_address>
         <run_address>0x1894</run_address>
         <size>0x46</size>
         <input_file_ref idref="fl-41"/>
      </object_component>
      <object_component id="oc-3ea">
         <name>.debug_info</name>
         <load_address>0x18da</load_address>
         <run_address>0x18da</run_address>
         <size>0x2c</size>
         <input_file_ref idref="fl-42"/>
      </object_component>
      <object_component id="oc-3fb">
         <name>.debug_info</name>
         <load_address>0x1906</load_address>
         <run_address>0x1906</run_address>
         <size>0x148</size>
         <input_file_ref idref="fl-44"/>
      </object_component>
      <object_component id="oc-4a5">
         <name>.debug_info</name>
         <load_address>0x1a4e</load_address>
         <run_address>0x1a4e</run_address>
         <size>0x145</size>
         <input_file_ref idref="fl-45"/>
      </object_component>
      <object_component id="oc-39b">
         <name>.debug_info</name>
         <load_address>0x1b93</load_address>
         <run_address>0x1b93</run_address>
         <size>0x184</size>
         <input_file_ref idref="fl-46"/>
      </object_component>
      <object_component id="oc-74">
         <name>.debug_info</name>
         <load_address>0x1d17</load_address>
         <run_address>0x1d17</run_address>
         <size>0x1c8</size>
         <input_file_ref idref="fl-46"/>
      </object_component>
      <object_component id="oc-396">
         <name>.debug_info</name>
         <load_address>0x1edf</load_address>
         <run_address>0x1edf</run_address>
         <size>0x46</size>
         <input_file_ref idref="fl-46"/>
      </object_component>
      <object_component id="oc-3e7">
         <name>.debug_info</name>
         <load_address>0x1f25</load_address>
         <run_address>0x1f25</run_address>
         <size>0x170</size>
         <input_file_ref idref="fl-47"/>
      </object_component>
      <object_component id="oc-6e">
         <name>.debug_info</name>
         <load_address>0x2095</load_address>
         <run_address>0x2095</run_address>
         <size>0x245</size>
         <input_file_ref idref="fl-47"/>
      </object_component>
      <object_component id="oc-385">
         <name>.debug_info</name>
         <load_address>0x22da</load_address>
         <run_address>0x22da</run_address>
         <size>0x60</size>
         <input_file_ref idref="fl-47"/>
      </object_component>
      <object_component id="oc-423">
         <name>.debug_info</name>
         <load_address>0x233a</load_address>
         <run_address>0x233a</run_address>
         <size>0x46</size>
         <input_file_ref idref="fl-47"/>
      </object_component>
      <object_component id="oc-3e2">
         <name>.debug_info</name>
         <load_address>0x2380</load_address>
         <run_address>0x2380</run_address>
         <size>0x39</size>
         <input_file_ref idref="fl-47"/>
      </object_component>
      <object_component id="oc-4a3">
         <name>.debug_info</name>
         <load_address>0x23b9</load_address>
         <run_address>0x23b9</run_address>
         <size>0x228</size>
         <input_file_ref idref="fl-48"/>
      </object_component>
      <object_component id="oc-49a">
         <name>.debug_info</name>
         <load_address>0x25e1</load_address>
         <run_address>0x25e1</run_address>
         <size>0x127</size>
         <input_file_ref idref="fl-48"/>
      </object_component>
      <object_component id="oc-438">
         <name>.debug_info</name>
         <load_address>0x2708</load_address>
         <run_address>0x2708</run_address>
         <size>0x117</size>
         <input_file_ref idref="fl-48"/>
      </object_component>
      <object_component id="oc-43e">
         <name>.debug_info</name>
         <load_address>0x281f</load_address>
         <run_address>0x281f</run_address>
         <size>0x18c</size>
         <input_file_ref idref="fl-48"/>
      </object_component>
      <object_component id="oc-4cd">
         <name>.debug_info</name>
         <load_address>0x29ab</load_address>
         <run_address>0x29ab</run_address>
         <size>0x15d</size>
         <input_file_ref idref="fl-49"/>
      </object_component>
      <object_component id="oc-47c">
         <name>.debug_info</name>
         <load_address>0x2b08</load_address>
         <run_address>0x2b08</run_address>
         <size>0xf4</size>
         <input_file_ref idref="fl-49"/>
      </object_component>
      <object_component id="oc-494">
         <name>.debug_info</name>
         <load_address>0x2bfc</load_address>
         <run_address>0x2bfc</run_address>
         <size>0xf8</size>
         <input_file_ref idref="fl-49"/>
      </object_component>
      <object_component id="oc-4c6">
         <name>.debug_info</name>
         <load_address>0x2cf4</load_address>
         <run_address>0x2cf4</run_address>
         <size>0x123</size>
         <input_file_ref idref="fl-49"/>
      </object_component>
      <object_component id="oc-3e9">
         <name>.debug_info</name>
         <load_address>0x2e17</load_address>
         <run_address>0x2e17</run_address>
         <size>0x18f</size>
         <input_file_ref idref="fl-4b"/>
      </object_component>
      <object_component id="oc-390">
         <name>.debug_info</name>
         <load_address>0x2fa6</load_address>
         <run_address>0x2fa6</run_address>
         <size>0x16f</size>
         <input_file_ref idref="fl-4b"/>
      </object_component>
      <object_component id="oc-497">
         <name>.debug_info</name>
         <load_address>0x3115</load_address>
         <run_address>0x3115</run_address>
         <size>0x2cb</size>
         <input_file_ref idref="fl-4c"/>
      </object_component>
      <object_component id="oc-488">
         <name>.debug_info</name>
         <load_address>0x33e0</load_address>
         <run_address>0x33e0</run_address>
         <size>0x157</size>
         <input_file_ref idref="fl-4c"/>
      </object_component>
      <object_component id="oc-482">
         <name>.debug_info</name>
         <load_address>0x3537</load_address>
         <run_address>0x3537</run_address>
         <size>0x15b</size>
         <input_file_ref idref="fl-4c"/>
      </object_component>
      <object_component id="oc-431">
         <name>.debug_info</name>
         <load_address>0x3692</load_address>
         <run_address>0x3692</run_address>
         <size>0x179</size>
         <input_file_ref idref="fl-4c"/>
      </object_component>
      <object_component id="oc-502">
         <name>.debug_info</name>
         <load_address>0x380b</load_address>
         <run_address>0x380b</run_address>
         <size>0xb2</size>
         <input_file_ref idref="fl-4c"/>
      </object_component>
      <object_component id="oc-50b">
         <name>.debug_info</name>
         <load_address>0x38bd</load_address>
         <run_address>0x38bd</run_address>
         <size>0xf8</size>
         <input_file_ref idref="fl-4e"/>
      </object_component>
      <object_component id="oc-4a0">
         <name>.debug_info</name>
         <load_address>0x39b5</load_address>
         <run_address>0x39b5</run_address>
         <size>0x10f</size>
         <input_file_ref idref="fl-4e"/>
      </object_component>
      <object_component id="oc-49d">
         <name>.debug_info</name>
         <load_address>0x3ac4</load_address>
         <run_address>0x3ac4</run_address>
         <size>0x10b</size>
         <input_file_ref idref="fl-4e"/>
      </object_component>
      <object_component id="oc-4f3">
         <name>.debug_info</name>
         <load_address>0x3bcf</load_address>
         <run_address>0x3bcf</run_address>
         <size>0x3b1</size>
         <input_file_ref idref="fl-4f"/>
      </object_component>
      <object_component id="oc-554">
         <name>.debug_info</name>
         <load_address>0x3f80</load_address>
         <run_address>0x3f80</run_address>
         <size>0x290</size>
         <input_file_ref idref="fl-4f"/>
      </object_component>
      <object_component id="oc-4e7">
         <name>.debug_info</name>
         <load_address>0x4210</load_address>
         <run_address>0x4210</run_address>
         <size>0x284</size>
         <input_file_ref idref="fl-4f"/>
      </object_component>
      <object_component id="oc-4ed">
         <name>.debug_info</name>
         <load_address>0x4494</load_address>
         <run_address>0x4494</run_address>
         <size>0x221</size>
         <input_file_ref idref="fl-4f"/>
      </object_component>
      <object_component id="oc-48e">
         <name>.debug_info</name>
         <load_address>0x46b5</load_address>
         <run_address>0x46b5</run_address>
         <size>0x2c9</size>
         <input_file_ref idref="fl-4f"/>
      </object_component>
      <object_component id="oc-4f9">
         <name>.debug_info</name>
         <load_address>0x497e</load_address>
         <run_address>0x497e</run_address>
         <size>0x86</size>
         <input_file_ref idref="fl-4f"/>
      </object_component>
      <object_component id="oc-568">
         <name>.debug_info</name>
         <load_address>0x4a04</load_address>
         <run_address>0x4a04</run_address>
         <size>0x39</size>
         <input_file_ref idref="fl-4f"/>
      </object_component>
      <object_component id="oc-563">
         <name>.debug_info</name>
         <load_address>0x4a3d</load_address>
         <run_address>0x4a3d</run_address>
         <size>0x2c</size>
         <input_file_ref idref="fl-4f"/>
      </object_component>
      <object_component id="oc-4d0">
         <name>.debug_info</name>
         <load_address>0x4a69</load_address>
         <run_address>0x4a69</run_address>
         <size>0x133</size>
         <input_file_ref idref="fl-50"/>
      </object_component>
      <object_component id="oc-47f">
         <name>.debug_info</name>
         <load_address>0x4b9c</load_address>
         <run_address>0x4b9c</run_address>
         <size>0xf7</size>
         <input_file_ref idref="fl-50"/>
      </object_component>
      <object_component id="oc-601">
         <name>.debug_info</name>
         <load_address>0x4c93</load_address>
         <run_address>0x4c93</run_address>
         <size>0xff</size>
         <input_file_ref idref="fl-50"/>
      </object_component>
      <object_component id="oc-549">
         <name>.debug_info</name>
         <load_address>0x4d92</load_address>
         <run_address>0x4d92</run_address>
         <size>0x25f</size>
         <input_file_ref idref="fl-51"/>
      </object_component>
      <object_component id="oc-4da">
         <name>.debug_info</name>
         <load_address>0x4ff1</load_address>
         <run_address>0x4ff1</run_address>
         <size>0x1c5</size>
         <input_file_ref idref="fl-51"/>
      </object_component>
      <object_component id="oc-547">
         <name>.debug_info</name>
         <load_address>0x51b6</load_address>
         <run_address>0x51b6</run_address>
         <size>0x2e7</size>
         <input_file_ref idref="fl-52"/>
      </object_component>
      <object_component id="oc-4d3">
         <name>.debug_info</name>
         <load_address>0x549d</load_address>
         <run_address>0x549d</run_address>
         <size>0x2bc</size>
         <input_file_ref idref="fl-52"/>
      </object_component>
      <object_component id="oc-5a2">
         <name>.debug_info</name>
         <load_address>0x5759</load_address>
         <run_address>0x5759</run_address>
         <size>0x16d</size>
         <input_file_ref idref="fl-53"/>
      </object_component>
      <object_component id="oc-55a">
         <name>.debug_info</name>
         <load_address>0x58c6</load_address>
         <run_address>0x58c6</run_address>
         <size>0x1ab</size>
         <input_file_ref idref="fl-53"/>
      </object_component>
      <object_component id="oc-58b">
         <name>.debug_info</name>
         <load_address>0x5a71</load_address>
         <run_address>0x5a71</run_address>
         <size>0x17c</size>
         <input_file_ref idref="fl-54"/>
      </object_component>
      <object_component id="oc-535">
         <name>.debug_info</name>
         <load_address>0x5bed</load_address>
         <run_address>0x5bed</run_address>
         <size>0x235</size>
         <input_file_ref idref="fl-54"/>
      </object_component>
      <object_component id="oc-59a">
         <name>.debug_info</name>
         <load_address>0x5e22</load_address>
         <run_address>0x5e22</run_address>
         <size>0x16c</size>
         <input_file_ref idref="fl-55"/>
      </object_component>
      <object_component id="oc-54f">
         <name>.debug_info</name>
         <load_address>0x5f8e</load_address>
         <run_address>0x5f8e</run_address>
         <size>0x25a</size>
         <input_file_ref idref="fl-55"/>
      </object_component>
      <object_component id="oc-54b">
         <name>.debug_info</name>
         <load_address>0x61e8</load_address>
         <run_address>0x61e8</run_address>
         <size>0x15c</size>
         <input_file_ref idref="fl-56"/>
      </object_component>
      <object_component id="oc-4e3">
         <name>.debug_info</name>
         <load_address>0x6344</load_address>
         <run_address>0x6344</run_address>
         <size>0x215</size>
         <input_file_ref idref="fl-56"/>
      </object_component>
      <object_component id="oc-592">
         <name>.debug_info</name>
         <load_address>0x6559</load_address>
         <run_address>0x6559</run_address>
         <size>0x3bb</size>
         <input_file_ref idref="fl-57"/>
      </object_component>
      <object_component id="oc-5cc">
         <name>.debug_info</name>
         <load_address>0x6914</load_address>
         <run_address>0x6914</run_address>
         <size>0xf8</size>
         <input_file_ref idref="fl-57"/>
      </object_component>
      <object_component id="oc-58f">
         <name>.debug_info</name>
         <load_address>0x6a0c</load_address>
         <run_address>0x6a0c</run_address>
         <size>0xf8</size>
         <input_file_ref idref="fl-57"/>
      </object_component>
      <object_component id="oc-541">
         <name>.debug_info</name>
         <load_address>0x6b04</load_address>
         <run_address>0x6b04</run_address>
         <size>0x1b6</size>
         <input_file_ref idref="fl-57"/>
      </object_component>
      <object_component id="oc-5d2">
         <name>.debug_info</name>
         <load_address>0x6cba</load_address>
         <run_address>0x6cba</run_address>
         <size>0x120</size>
         <input_file_ref idref="fl-57"/>
      </object_component>
      <object_component id="oc-5d7">
         <name>.debug_info</name>
         <load_address>0x6dda</load_address>
         <run_address>0x6dda</run_address>
         <size>0x2c</size>
         <input_file_ref idref="fl-57"/>
      </object_component>
      <object_component id="oc-59d">
         <name>.debug_info</name>
         <load_address>0x6e06</load_address>
         <run_address>0x6e06</run_address>
         <size>0x119</size>
         <input_file_ref idref="fl-58"/>
      </object_component>
      <object_component id="oc-589">
         <name>.debug_info</name>
         <load_address>0x6f1f</load_address>
         <run_address>0x6f1f</run_address>
         <size>0x1dc</size>
         <input_file_ref idref="fl-5a"/>
      </object_component>
      <object_component id="oc-52f">
         <name>.debug_info</name>
         <load_address>0x70fb</load_address>
         <run_address>0x70fb</run_address>
         <size>0x18b</size>
         <input_file_ref idref="fl-5a"/>
      </object_component>
      <object_component id="oc-5c0">
         <name>.debug_info</name>
         <load_address>0x7286</load_address>
         <run_address>0x7286</run_address>
         <size>0xbf</size>
         <input_file_ref idref="fl-5a"/>
      </object_component>
      <object_component id="oc-58d">
         <name>.debug_info</name>
         <load_address>0x7345</load_address>
         <run_address>0x7345</run_address>
         <size>0x21e</size>
         <input_file_ref idref="fl-5b"/>
      </object_component>
      <object_component id="oc-53b">
         <name>.debug_info</name>
         <load_address>0x7563</load_address>
         <run_address>0x7563</run_address>
         <size>0x179</size>
         <input_file_ref idref="fl-5b"/>
      </object_component>
      <object_component id="oc-5ab">
         <name>.debug_info</name>
         <load_address>0x76dc</load_address>
         <run_address>0x76dc</run_address>
         <size>0x1fb</size>
         <input_file_ref idref="fl-5c"/>
      </object_component>
      <object_component id="oc-57d">
         <name>.debug_info</name>
         <load_address>0x78d7</load_address>
         <run_address>0x78d7</run_address>
         <size>0x1de</size>
         <input_file_ref idref="fl-5c"/>
      </object_component>
      <object_component id="oc-5e9">
         <name>.debug_info</name>
         <load_address>0x7ab5</load_address>
         <run_address>0x7ab5</run_address>
         <size>0x278</size>
         <input_file_ref idref="fl-5d"/>
      </object_component>
      <object_component id="oc-5a5">
         <name>.debug_info</name>
         <load_address>0x7d2d</load_address>
         <run_address>0x7d2d</run_address>
         <size>0x1b7</size>
         <input_file_ref idref="fl-5d"/>
      </object_component>
      <object_component id="oc-5bf">
         <name>.debug_info</name>
         <load_address>0x7ee4</load_address>
         <run_address>0x7ee4</run_address>
         <size>0x250</size>
         <input_file_ref idref="fl-5e"/>
      </object_component>
      <object_component id="oc-585">
         <name>.debug_info</name>
         <load_address>0x8134</load_address>
         <run_address>0x8134</run_address>
         <size>0x1f3</size>
         <input_file_ref idref="fl-5e"/>
      </object_component>
      <object_component id="oc-65b">
         <name>.debug_info</name>
         <load_address>0x8327</load_address>
         <run_address>0x8327</run_address>
         <size>0x24f</size>
         <input_file_ref idref="fl-5f"/>
      </object_component>
      <object_component id="oc-60e">
         <name>.debug_info</name>
         <load_address>0x8576</load_address>
         <run_address>0x8576</run_address>
         <size>0x1b1</size>
         <input_file_ref idref="fl-5f"/>
      </object_component>
      <object_component id="oc-666">
         <name>.debug_info</name>
         <load_address>0x8727</load_address>
         <run_address>0x8727</run_address>
         <size>0x259</size>
         <input_file_ref idref="fl-60"/>
      </object_component>
      <object_component id="oc-61f">
         <name>.debug_info</name>
         <load_address>0x8980</load_address>
         <run_address>0x8980</run_address>
         <size>0x22a</size>
         <input_file_ref idref="fl-60"/>
      </object_component>
      <object_component id="oc-64b">
         <name>.debug_info</name>
         <load_address>0x8baa</load_address>
         <run_address>0x8baa</run_address>
         <size>0x289</size>
         <input_file_ref idref="fl-61"/>
      </object_component>
      <object_component id="oc-607">
         <name>.debug_info</name>
         <load_address>0x8e33</load_address>
         <run_address>0x8e33</run_address>
         <size>0x201</size>
         <input_file_ref idref="fl-61"/>
      </object_component>
      <object_component id="oc-65d">
         <name>.debug_info</name>
         <load_address>0x9034</load_address>
         <run_address>0x9034</run_address>
         <size>0x258</size>
         <input_file_ref idref="fl-62"/>
      </object_component>
      <object_component id="oc-614">
         <name>.debug_info</name>
         <load_address>0x928c</load_address>
         <run_address>0x928c</run_address>
         <size>0x1f0</size>
         <input_file_ref idref="fl-62"/>
      </object_component>
      <object_component id="oc-670">
         <name>.debug_info</name>
         <load_address>0x947c</load_address>
         <run_address>0x947c</run_address>
         <size>0x2bb</size>
         <input_file_ref idref="fl-63"/>
      </object_component>
      <object_component id="oc-62b">
         <name>.debug_info</name>
         <load_address>0x9737</load_address>
         <run_address>0x9737</run_address>
         <size>0x22b</size>
         <input_file_ref idref="fl-63"/>
      </object_component>
      <object_component id="oc-668">
         <name>.debug_info</name>
         <load_address>0x9962</load_address>
         <run_address>0x9962</run_address>
         <size>0x272</size>
         <input_file_ref idref="fl-64"/>
      </object_component>
      <object_component id="oc-625">
         <name>.debug_info</name>
         <load_address>0x9bd4</load_address>
         <run_address>0x9bd4</run_address>
         <size>0x1bb</size>
         <input_file_ref idref="fl-64"/>
      </object_component>
      <object_component id="oc-65f">
         <name>.debug_info</name>
         <load_address>0x9d8f</load_address>
         <run_address>0x9d8f</run_address>
         <size>0x259</size>
         <input_file_ref idref="fl-65"/>
      </object_component>
      <object_component id="oc-619">
         <name>.debug_info</name>
         <load_address>0x9fe8</load_address>
         <run_address>0x9fe8</run_address>
         <size>0x1f5</size>
         <input_file_ref idref="fl-65"/>
      </object_component>
      <object_component id="oc-683">
         <name>.debug_info</name>
         <load_address>0xa1dd</load_address>
         <run_address>0xa1dd</run_address>
         <size>0x19c</size>
         <input_file_ref idref="fl-66"/>
      </object_component>
      <object_component id="oc-680">
         <name>.debug_info</name>
         <load_address>0xa379</load_address>
         <run_address>0xa379</run_address>
         <size>0xfb</size>
         <input_file_ref idref="fl-66"/>
      </object_component>
      <object_component id="oc-650">
         <name>.debug_info</name>
         <load_address>0xa474</load_address>
         <run_address>0xa474</run_address>
         <size>0x1d4</size>
         <input_file_ref idref="fl-66"/>
      </object_component>
      <object_component id="oc-656">
         <name>.debug_info</name>
         <load_address>0xa648</load_address>
         <run_address>0xa648</run_address>
         <size>0x18f</size>
         <input_file_ref idref="fl-66"/>
      </object_component>
      <object_component id="oc-661">
         <name>.debug_info</name>
         <load_address>0xa7d7</load_address>
         <run_address>0xa7d7</run_address>
         <size>0x11e</size>
         <input_file_ref idref="fl-67"/>
      </object_component>
      <object_component id="oc-3e1">
         <name>.debug_info</name>
         <load_address>0xa8f5</load_address>
         <run_address>0xa8f5</run_address>
         <size>0x21a</size>
         <input_file_ref idref="fl-68"/>
      </object_component>
      <object_component id="oc-382">
         <name>.debug_info</name>
         <load_address>0xab0f</load_address>
         <run_address>0xab0f</run_address>
         <size>0x101</size>
         <input_file_ref idref="fl-68"/>
      </object_component>
      <object_component id="oc-5ed">
         <name>.debug_info</name>
         <load_address>0xac10</load_address>
         <run_address>0xac10</run_address>
         <size>0x138</size>
         <input_file_ref idref="fl-68"/>
      </object_component>
      <object_component id="oc-5f1">
         <name>.debug_info</name>
         <load_address>0xad48</load_address>
         <run_address>0xad48</run_address>
         <size>0xfe</size>
         <input_file_ref idref="fl-68"/>
      </object_component>
      <object_component id="oc-5ad">
         <name>.debug_info</name>
         <load_address>0xae46</load_address>
         <run_address>0xae46</run_address>
         <size>0x1a0</size>
         <input_file_ref idref="fl-68"/>
      </object_component>
      <object_component id="oc-5f4">
         <name>.debug_info</name>
         <load_address>0xafe6</load_address>
         <run_address>0xafe6</run_address>
         <size>0x130</size>
         <input_file_ref idref="fl-68"/>
      </object_component>
      <object_component id="oc-5b3">
         <name>.debug_info</name>
         <load_address>0xb116</load_address>
         <run_address>0xb116</run_address>
         <size>0x1c8</size>
         <input_file_ref idref="fl-68"/>
      </object_component>
      <object_component id="oc-476">
         <name>.debug_info</name>
         <load_address>0xb2de</load_address>
         <run_address>0xb2de</run_address>
         <size>0x2c</size>
         <input_file_ref idref="fl-68"/>
      </object_component>
      <object_component id="oc-41e">
         <name>.debug_info</name>
         <load_address>0xb30a</load_address>
         <run_address>0xb30a</run_address>
         <size>0x6f</size>
         <input_file_ref idref="fl-68"/>
      </object_component>
      <object_component id="oc-5b9">
         <name>.debug_info</name>
         <load_address>0xb379</load_address>
         <run_address>0xb379</run_address>
         <size>0x16b</size>
         <input_file_ref idref="fl-69"/>
      </object_component>
      <object_component id="oc-691">
         <name>.debug_info</name>
         <load_address>0xb4e4</load_address>
         <run_address>0xb4e4</run_address>
         <size>0x185</size>
         <input_file_ref idref="fl-6b"/>
      </object_component>
      <object_component id="oc-66c">
         <name>.debug_info</name>
         <load_address>0xb669</load_address>
         <run_address>0xb669</run_address>
         <size>0x231</size>
         <input_file_ref idref="fl-6b"/>
      </object_component>
      <object_component id="oc-647">
         <name>.debug_info</name>
         <load_address>0xb89a</load_address>
         <run_address>0xb89a</run_address>
         <size>0x27c</size>
         <input_file_ref idref="fl-6d"/>
      </object_component>
      <object_component id="oc-5fb">
         <name>.debug_info</name>
         <load_address>0xbb16</load_address>
         <run_address>0xbb16</run_address>
         <size>0x1e2</size>
         <input_file_ref idref="fl-6d"/>
      </object_component>
      <object_component id="oc-6a9">
         <name>.debug_info</name>
         <load_address>0xbcf8</load_address>
         <run_address>0xbcf8</run_address>
         <size>0x312</size>
         <input_file_ref idref="fl-6e"/>
      </object_component>
      <object_component id="oc-6a3">
         <name>.debug_info</name>
         <load_address>0xc00a</load_address>
         <run_address>0xc00a</run_address>
         <size>0x187</size>
         <input_file_ref idref="fl-6e"/>
      </object_component>
      <object_component id="oc-674">
         <name>.debug_info</name>
         <load_address>0xc191</load_address>
         <run_address>0xc191</run_address>
         <size>0x1e0</size>
         <input_file_ref idref="fl-6e"/>
      </object_component>
      <object_component id="oc-6ac">
         <name>.debug_info</name>
         <load_address>0xc371</load_address>
         <run_address>0xc371</run_address>
         <size>0xea</size>
         <input_file_ref idref="fl-6e"/>
      </object_component>
      <object_component id="oc-6b8">
         <name>.debug_info</name>
         <load_address>0xc45b</load_address>
         <run_address>0xc45b</run_address>
         <size>0x176</size>
         <input_file_ref idref="fl-70"/>
      </object_component>
      <object_component id="oc-697">
         <name>.debug_info</name>
         <load_address>0xc5d1</load_address>
         <run_address>0xc5d1</run_address>
         <size>0x24d</size>
         <input_file_ref idref="fl-70"/>
      </object_component>
      <object_component id="oc-6c9">
         <name>.debug_info</name>
         <load_address>0xc81e</load_address>
         <run_address>0xc81e</run_address>
         <size>0x15c</size>
         <input_file_ref idref="fl-71"/>
      </object_component>
      <object_component id="oc-6bc">
         <name>.debug_info</name>
         <load_address>0xc97a</load_address>
         <run_address>0xc97a</run_address>
         <size>0x258</size>
         <input_file_ref idref="fl-71"/>
      </object_component>
[...]
         <value>0x626</value>
      </symbol>
      <symbol id="sm-2db">
         <name>UCB1BRW_L</name>
         <value>0x626</value>
      </symbol>
      <symbol id="sm-2dc">
         <name>UCB1BRW_H</name>
         <value>0x627</value>
      </symbol>
      <symbol id="sm-2dd">
         <name>UCB1STAT</name>
         <value>0x62a</value>
      </symbol>
      <symbol id="sm-2de">
         <name>UCB1RXBUF</name>
         <value>0x62c</value>
      </symbol>
      <symbol id="sm-2df">
         <name>UCB1TXBUF</name>
         <value>0x62e</value>
      </symbol>
      <symbol id="sm-2e0">
         <name>UCB1I2COA</name>
         <value>0x630</value>
      </symbol>
      <symbol id="sm-2e1">
         <name>UCB1I2COA_L</name>
         <value>0x630</value>
      </symbol>
      <symbol id="sm-2e2">
         <name>UCB1I2COA_H</name>
         <value>0x631</value>
      </symbol>
      <symbol id="sm-2e3">
         <name>UCB1I2CSA</name>
         <value>0x632</value>
      </symbol>
      <symbol id="sm-2e4">
         <name>UCB1I2CSA_L</name>
         <value>0x632</value>
      </symbol>
      <symbol id="sm-2e5">
         <name>UCB1I2CSA_H</name>
         <value>0x633</value>
      </symbol>
      <symbol id="sm-2e6">
         <name>UCB1ICTL</name>
         <value>0x63c</value>
      </symbol>
      <symbol id="sm-2e7">
         <name>UCB1ICTL_L</name>
         <value>0x63c</value>
      </symbol>
      <symbol id="sm-2e8">
         <name>UCB1ICTL_H</name>
         <value>0x63d</value>
      </symbol>
      <symbol id="sm-2e9">
         <name>UCB1IV</name>
         <value>0x63e</value>
      </symbol>
      <symbol id="sm-2ea">
         <name>WDTCTL</name>
         <value>0x15c</value>
      </symbol>
      <symbol id="sm-2eb">
         <name>WDTCTL_L</name>
         <value>0x15c</value>
      </symbol>
      <symbol id="sm-2ec">
         <name>WDTCTL_H</name>
         <value>0x15d</value>
      </symbol>
      <symbol id="sm-2ed">
         <name>__TI_CINIT_Base</name>
         <value>0x44ae</value>
      </symbol>
      <symbol id="sm-2ee">
         <name>__TI_CINIT_Limit</name>
         <value>0x44be</value>
      </symbol>
      <symbol id="sm-2ef">
         <name>__TI_Handler_Table_Base</name>
         <value>0x449c</value>
      </symbol>
      <symbol id="sm-2f0">
         <name>__TI_Handler_Table_Limit</name>
         <value>0x44a8</value>
      </symbol>
      <symbol id="sm-2f1">
         <name>__STACK_SIZE</name>
         <value>0xa0</value>
      </symbol>
      <symbol id="sm-2f2">
         <name>__STACK_END</name>
         <value>0x4400</value>
      </symbol>
      <symbol id="sm-2f3">
         <name>__SYSMEM_SIZE</name>
         <value>0x12c</value>
      </symbol>
      <symbol id="sm-2f4">
         <name>__c_args__</name>
         <value>0xffffffff</value>
      </symbol>
      <symbol id="sm-2f5">
         <name>__TI_pprof_out_hndl</name>
         <value>0xffffffff</value>
      </symbol>
      <symbol id="sm-2f6">
         <name>__TI_prof_data_start</name>
         <value>0xffffffff</value>
      </symbol>
      <symbol id="sm-2f7">
         <name>__TI_prof_data_size</name>
         <value>0xffffffff</value>
      </symbol>
      <symbol id="sm-376">
         <name>main</name>
         <value>0x10fde</value>
         <object_component_ref idref="oc-400"/>
      </symbol>
      <symbol id="sm-379">
         <name>__TI_int41</name>
         <value>0xffd2</value>
         <object_component_ref idref="oc-79"/>
      </symbol>
      <symbol id="sm-37c">
         <name>__TI_int42</name>
         <value>0xffd4</value>
         <object_component_ref idref="oc-7a"/>
      </symbol>
      <symbol id="sm-37f">
         <name>__TI_int43</name>
         <value>0xffd6</value>
         <object_component_ref idref="oc-7b"/>
      </symbol>
      <symbol id="sm-382">
         <name>__TI_int44</name>
         <value>0xffd8</value>
         <object_component_ref idref="oc-7c"/>
      </symbol>
      <symbol id="sm-385">
         <name>__TI_int45</name>
         <value>0xffda</value>
         <object_component_ref idref="oc-7d"/>
      </symbol>
      <symbol id="sm-388">
         <name>__TI_int46</name>
         <value>0xffdc</value>
         <object_component_ref idref="oc-7e"/>
      </symbol>
      <symbol id="sm-38b">
         <name>__TI_int47</name>
         <value>0xffde</value>
         <object_component_ref idref="oc-7f"/>
      </symbol>
      <symbol id="sm-38e">
         <name>__TI_int48</name>
         <value>0xffe0</value>
         <object_component_ref idref="oc-80"/>
      </symbol>
      <symbol id="sm-391">
         <name>__TI_int49</name>
         <value>0xffe2</value>
         <object_component_ref idref="oc-81"/>
      </symbol>
      <symbol id="sm-394">
         <name>__TI_int50</name>
         <value>0xffe4</value>
         <object_component_ref idref="oc-82"/>
      </symbol>
      <symbol id="sm-397">
         <name>__TI_int51</name>
         <value>0xffe6</value>
         <object_component_ref idref="oc-83"/>
      </symbol>
      <symbol id="sm-39a">
         <name>__TI_int52</name>
         <value>0xffe8</value>
         <object_component_ref idref="oc-84"/>
      </symbol>
      <symbol id="sm-39d">
         <name>__TI_int53</name>
         <value>0xffea</value>
         <object_component_ref idref="oc-85"/>
      </symbol>
      <symbol id="sm-3a0">
         <name>__TI_int54</name>
         <value>0xffec</value>
         <object_component_ref idref="oc-86"/>
      </symbol>
      <symbol id="sm-3a3">
         <name>__TI_int55</name>
         <value>0xffee</value>
         <object_component_ref idref="oc-87"/>
      </symbol>
      <symbol id="sm-3a6">
         <name>__TI_int56</name>
         <value>0xfff0</value>
         <object_component_ref idref="oc-88"/>
      </symbol>
      <symbol id="sm-3a9">
         <name>__TI_int57</name>
         <value>0xfff2</value>
         <object_component_ref idref="oc-89"/>
      </symbol>
      <symbol id="sm-3ac">
         <name>__TI_int58</name>
         <value>0xfff4</value>
         <object_component_ref idref="oc-8a"/>
      </symbol>
      <symbol id="sm-3af">
         <name>__TI_int59</name>
         <value>0xfff6</value>
         <object_component_ref idref="oc-8b"/>
      </symbol>
      <symbol id="sm-3b2">
         <name>__TI_int60</name>
         <value>0xfff8</value>
         <object_component_ref idref="oc-8c"/>
      </symbol>
      <symbol id="sm-3b5">
         <name>__TI_int61</name>
         <value>0xfffa</value>
         <object_component_ref idref="oc-8d"/>
      </symbol>
      <symbol id="sm-3b8">
         <name>__TI_int62</name>
         <value>0xfffc</value>
         <object_component_ref idref="oc-8e"/>
      </symbol>
      <symbol id="sm-3c0">
         <name>__TI_ISR_TRAP</name>
         <value>0x441c</value>
         <object_component_ref idref="oc-39c"/>
      </symbol>
      <symbol id="sm-3c8">
         <name>__mspabi_mpyi_f5hw</name>
         <value>0x11052</value>
         <object_component_ref idref="oc-51d"/>
      </symbol>
      <symbol id="sm-3dc">
         <name>_stack</name>
         <value>0x4360</value>
         <object_component_ref idref="oc-37d"/>
      </symbol>
      <symbol id="sm-3dd">
         <name>_c_int00_noargs</name>
         <value>0x4400</value>
         <object_component_ref idref="oc-3b3"/>
      </symbol>
      <symbol id="sm-3de">
         <name>_reset_vector</name>
         <value>0xfffe</value>
         <object_component_ref idref="oc-380"/>
      </symbol>
      <symbol id="sm-401">
         <name>__TI_auto_init_nobinit_nopinit_hold_wdt</name>
         <value>0x10bce</value>
         <object_component_ref idref="oc-45b"/>
      </symbol>
      <symbol id="sm-414">
         <name>__TI_zero_init_nomemset</name>
         <value>0x10fba</value>
         <object_component_ref idref="oc-3a1"/>
      </symbol>
      <symbol id="sm-424">
         <name>_system_pre_init</name>
         <value>0x11102</value>
         <object_component_ref idref="oc-3fa"/>
      </symbol>
      <symbol id="sm-42d">
         <name>_system_post_cinit</name>
         <value>0x11108</value>
         <object_component_ref idref="oc-4a4"/>
      </symbol>
      <symbol id="sm-43e">
         <name>__TI_decompress_none</name>
         <value>0x110c0</value>
         <object_component_ref idref="oc-73"/>
      </symbol>
      <symbol id="sm-461">
         <name>__TI_decompress_lzss</name>
         <value>0x107a8</value>
         <object_component_ref idref="oc-6d"/>
      </symbol>
      <symbol id="sm-47e">
         <name>C$$EXIT</name>
         <value>0x110f8</value>
         <object_component_ref idref="oc-437"/>
      </symbol>
      <symbol id="sm-47f">
         <name>abort</name>
         <value>0x110f8</value>
         <object_component_ref idref="oc-437"/>
      </symbol>
      <symbol id="sm-480">
         <name>__TI_enable_exit_profile_output</name>
         <value>0x258e</value>
         <object_component_ref idref="oc-499"/>
      </symbol>
      <symbol id="sm-481">
         <name>exit</name>
         <value>0x10c70</value>
         <object_component_ref idref="oc-43d"/>
      </symbol>
      <symbol id="sm-497">
         <name>_nop</name>
         <value>0x11106</value>
         <object_component_ref idref="oc-4c5"/>
      </symbol>
      <symbol id="sm-498">
         <name>_lock</name>
         <value>0x2584</value>
         <object_component_ref idref="oc-47b"/>
      </symbol>
      <symbol id="sm-499">
         <name>_unlock</name>
         <value>0x2588</value>
         <object_component_ref idref="oc-493"/>
      </symbol>
      <symbol id="sm-4a8">
         <name>memcpy</name>
         <value>0x110ac</value>
         <object_component_ref idref="oc-38f"/>
      </symbol>
      <symbol id="sm-4cb">
         <name>printf</name>
         <value>0x10cba</value>
         <object_component_ref idref="oc-430"/>
      </symbol>
      <symbol id="sm-4db">
         <name>__TI_dtors_ptr</name>
         <value>0x2580</value>
         <object_component_ref idref="oc-49c"/>
      </symbol>
      <symbol id="sm-4dc">
         <name>__TI_cleanup_ptr</name>
         <value>0x257c</value>
         <object_component_ref idref="oc-49f"/>
      </symbol>
      <symbol id="sm-535">
         <name>__TI_printfi_minimal</name>
         <value>0x10300</value>
         <object_component_ref idref="oc-48d"/>
      </symbol>
      <symbol id="sm-545">
         <name>__TI_tmpnams</name>
         <value>0x27e0</value>
      </symbol>
      <symbol id="sm-546">
         <name>_ftable</name>
         <value>0x2400</value>
         <object_component_ref idref="oc-47e"/>
      </symbol>
      <symbol id="sm-547">
         <name>__TI_ft_end</name>
         <value>0x258c</value>
         <object_component_ref idref="oc-600"/>
      </symbol>
      <symbol id="sm-55a">
         <name>putc</name>
         <value>0x1060c</value>
         <object_component_ref idref="oc-4d9"/>
      </symbol>
      <symbol id="sm-55b">
         <name>fputc</name>
         <value>0x1060c</value>
         <object_component_ref idref="oc-4d9"/>
      </symbol>
      <symbol id="sm-573">
         <name>fputs</name>
         <value>0x10132</value>
         <object_component_ref idref="oc-4d2"/>
      </symbol>
      <symbol id="sm-582">
         <name>memccpy</name>
         <value>0x10ffc</value>
         <object_component_ref idref="oc-559"/>
      </symbol>
      <symbol id="sm-591">
         <name>memchr</name>
         <value>0x1106a</value>
         <object_component_ref idref="oc-534"/>
      </symbol>
      <symbol id="sm-59f">
         <name>memset</name>
         <value>0x11080</value>
         <object_component_ref idref="oc-54c"/>
      </symbol>
      <symbol id="sm-5ac">
         <name>strlen</name>
         <value>0x110e4</value>
         <object_component_ref idref="oc-4e0"/>
      </symbol>
      <symbol id="sm-5ce">
         <name>_stream</name>
         <value>0x2540</value>
         <object_component_ref idref="oc-58e"/>
      </symbol>
      <symbol id="sm-5cf">
         <name>_device</name>
         <value>0x24c8</value>
         <object_component_ref idref="oc-5cb"/>
      </symbol>
      <symbol id="sm-5d0">
         <name>write</name>
         <value>0x10e50</value>
         <object_component_ref idref="oc-540"/>
      </symbol>
      <symbol id="sm-5da">
         <name>__mspabi_remu</name>
         <value>0x11096</value>
         <object_component_ref idref="oc-59b"/>
      </symbol>
      <symbol id="sm-5db">
         <name>__mspabi_divu</name>
         <value>0x11096</value>
         <object_component_ref idref="oc-59b"/>
      </symbol>
      <symbol id="sm-5f4">
         <name>__TI_wrt_ok</name>
         <value>0x1072a</value>
         <object_component_ref idref="oc-52e"/>
      </symbol>
      <symbol id="sm-605">
         <name>__TI_doflush</name>
         <value>0x10ab6</value>
         <object_component_ref idref="oc-53a"/>
      </symbol>
      <symbol id="sm-615">
         <name>fseek</name>
         <value>0x10a4c</value>
         <object_component_ref idref="oc-57c"/>
      </symbol>
      <symbol id="sm-623">
         <name>lseek</name>
         <value>0x10e12</value>
         <object_component_ref idref="oc-5a4"/>
      </symbol>
      <symbol id="sm-63b">
         <name>setvbuf</name>
         <value>0x10222</value>
         <object_component_ref idref="oc-582"/>
      </symbol>
      <symbol id="sm-647">
         <name>HOSTclose</name>
         <value>0x10c22</value>
         <object_component_ref idref="oc-60c"/>
      </symbol>
      <symbol id="sm-653">
         <name>HOSTlseek</name>
         <value>0x10572</value>
         <object_component_ref idref="oc-61e"/>
      </symbol>
      <symbol id="sm-661">
         <name>parmbuf</name>
         <value>0x288a</value>
      </symbol>
      <symbol id="sm-662">
         <name>HOSTopen</name>
         <value>0x10906</value>
         <object_component_ref idref="oc-606"/>
      </symbol>
      <symbol id="sm-66f">
         <name>HOSTread</name>
         <value>0x109e2</value>
         <object_component_ref idref="oc-612"/>
      </symbol>
      <symbol id="sm-67b">
         <name>HOSTrename</name>
         <value>0x1081e</value>
         <object_component_ref idref="oc-62a"/>
      </symbol>
      <symbol id="sm-687">
         <name>HOSTunlink</name>
         <value>0x10d4c</value>
         <object_component_ref idref="oc-624"/>
      </symbol>
      <symbol id="sm-694">
         <name>HOSTwrite</name>
         <value>0x10976</value>
         <object_component_ref idref="oc-618"/>
      </symbol>
      <symbol id="sm-6b2">
         <name>__TI_readmsg</name>
         <value>0x10ef8</value>
         <object_component_ref idref="oc-653"/>
      </symbol>
      <symbol id="sm-6b3">
         <name>C$$IO$$</name>
         <value>0x10ef4</value>
         <object_component_ref idref="oc-64d"/>
      </symbol>
      <symbol id="sm-6b4">
         <name>_CIOBUF_</name>
         <value>0x26c0</value>
         <object_component_ref idref="oc-67f"/>
      </symbol>
      <symbol id="sm-6b5">
         <name>__TI_writemsg</name>
         <value>0x10ec2</value>
         <object_component_ref idref="oc-64d"/>
      </symbol>
      <symbol id="sm-6bd">
         <name>__mspabi_slll_9</name>
         <value>0x10dec</value>
         <object_component_ref idref="oc-660"/>
      </symbol>
      <symbol id="sm-6be">
         <name>__mspabi_slll_8</name>
         <value>0x10df0</value>
         <object_component_ref idref="oc-660"/>
      </symbol>
      <symbol id="sm-6bf">
         <name>__mspabi_slll_7</name>
         <value>0x10df4</value>
         <object_component_ref idref="oc-660"/>
      </symbol>
      <symbol id="sm-6c0">
         <name>__mspabi_slll_6</name>
         <value>0x10df8</value>
         <object_component_ref idref="oc-660"/>
      </symbol>
      <symbol id="sm-6c1">
         <name>__mspabi_slll_5</name>
         <value>0x10dfc</value>
         <object_component_ref idref="oc-660"/>
      </symbol>
      <symbol id="sm-6c2">
         <name>__mspabi_slll_4</name>
         <value>0x10e00</value>
         <object_component_ref idref="oc-660"/>
      </symbol>
      <symbol id="sm-6c3">
         <name>__mspabi_slll_3</name>
         <value>0x10e04</value>
         <object_component_ref idref="oc-660"/>
      </symbol>
      <symbol id="sm-6c4">
         <name>__mspabi_slll_2</name>
         <value>0x10e08</value>
         <object_component_ref idref="oc-660"/>
      </symbol>
      <symbol id="sm-6c5">
         <name>__mspabi_slll_1</name>
         <value>0x10e0c</value>
         <object_component_ref idref="oc-660"/>
      </symbol>
      <symbol id="sm-6c6">
         <name>__mspabi_slll_15</name>
         <value>0x10dd4</value>
         <object_component_ref idref="oc-660"/>
      </symbol>
      <symbol id="sm-6c7">
         <name>__mspabi_slll_14</name>
         <value>0x10dd8</value>
         <object_component_ref idref="oc-660"/>
      </symbol>
      <symbol id="sm-6c8">
         <name>__mspabi_slll_13</name>
         <value>0x10ddc</value>
         <object_component_ref idref="oc-660"/>
      </symbol>
      <symbol id="sm-6c9">
         <name>__mspabi_slll_12</name>
         <value>0x10de0</value>
         <object_component_ref idref="oc-660"/>
      </symbol>
      <symbol id="sm-6ca">
         <name>__mspabi_slll_11</name>
         <value>0x10de4</value>
         <object_component_ref idref="oc-660"/>
      </symbol>
      <symbol id="sm-6cb">
         <name>__mspabi_slll_10</name>
         <value>0x10de8</value>
         <object_component_ref idref="oc-660"/>
      </symbol>
      <symbol id="sm-71a">
         <name>_sys_memory</name>
         <value>0x2594</value>
         <object_component_ref idref="oc-381"/>
      </symbol>
      <symbol id="sm-71b">
         <name>free</name>
         <value>0x1069c</value>
         <object_component_ref idref="oc-5ac"/>
      </symbol>
      <symbol id="sm-71c">
         <name>malloc</name>
         <value>0x104b6</value>
         <object_component_ref idref="oc-5b2"/>
      </symbol>
      <symbol id="sm-71d">
         <name>minit</name>
         <value>0x10d92</value>
         <object_component_ref idref="oc-5f3"/>
      </symbol>
      <symbol id="sm-729">
         <name>__TI_cleanup</name>
         <value>0x10e8c</value>
         <object_component_ref idref="oc-5b8"/>
      </symbol>
      <symbol id="sm-737">
         <name>strcpy</name>
         <value>0x110d2</value>
         <object_component_ref idref="oc-669"/>
      </symbol>
      <symbol id="sm-749">
         <name>__TI_closefile</name>
         <value>0x10892</value>
         <object_component_ref idref="oc-5fa"/>
      </symbol>
      <symbol id="sm-768">
         <name>finddevice</name>
         <value>0x10f8c</value>
         <object_component_ref idref="oc-6a2"/>
      </symbol>
      <symbol id="sm-769">
         <name>getdevice</name>
         <value>0x10b74</value>
         <object_component_ref idref="oc-673"/>
      </symbol>
      <symbol id="sm-779">
         <name>strchr</name>
         <value>0x1101a</value>
         <object_component_ref idref="oc-696"/>
      </symbol>
      <symbol id="sm-787">
         <name>strcmp</name>
         <value>0x11036</value>
         <object_component_ref idref="oc-6bb"/>
      </symbol>
      <symbol id="sm-797">
         <name>strncpy</name>
         <value>0x10f2a</value>
         <object_component_ref idref="oc-69c"/>
      </symbol>
      <symbol id="sm-7a3">
         <name>unlink</name>
         <value>0x10f5c</value>
         <object_component_ref idref="oc-640"/>
      </symbol>
      <symbol id="sm-7b5">
         <name>close</name>
         <value>0x10b1a</value>
         <object_component_ref idref="oc-639"/>
      </symbol>
      <symbol id="sm-7b7">
         <name>remove</name>
         <value>0x10f5c</value>
      </symbol>
   </symbol_table>
   <title>Link successful</title>
</link_info>
